^https?:\/\/www.exblog.j.*
^https?:\/\/.+v6.facebook.co.*
^https?:\/\/site.locql.co.*
^https?:\/\/download.syniumsoftware.co.*
^https?:\/\/haygo.co.*
^https?:\/\/f.cl.l.*
^https?:\/\/myvlog.im.t.*
^https?:\/\/music.jwmusic.or.*
^https?:\/\/www.kodingen.co.*
^https?:\/\/simplecd.m.*
^https?:\/\/static.soup.i.*
^https?:\/\/www.tripod.co.*
^https?:\/\/www.typepad.co.*
^https?:\/\/static.typepad.co.*
^https?:\/\/tax.nat.gov.t.*
^https?:\/\/moe.gov.t.*
^https?:\/\/cwb.gov.t.*
^https?:\/\/npm.gov.t.*
^https?:\/\/yatsen.gov.t.*
^https?:\/\/mvdis.gov.t.*
^https?:\/\/stdtime.gov.t.*
^https?:\/\/nmmba.gov.t.*
^https?:\/\/ntdmh.gov.t.*
^https?:\/\/grb.gov.t.*
^https?:\/\/tpde.aide.gov.t.*
^https?:\/\/matsu-news.gov.t.*
^https?:\/\/dapu-house.gov.t.*
^https?:\/\/vghtc.gov.t.*
^https?:\/\/aide.gov.t.*
^https?:\/\/hchcc.gov.t.*
^https?:\/\/ntuh.gov.t.*
^https?:\/\/nhri.gov.t.*
^https?:\/\/nstm.gov.t.*
^https?:\/\/ntsec.gov.t.*
^https?:\/\/ner.gov.t.*
^https?:\/\/nmtl.gov.t.*
^https?:\/\/ntl.gov.t.*
^https?:\/\/pet.gov.t.*
^https?:\/\/khcc.gov.t.*
^https?:\/\/nmmba.gov.t.*
^https?:\/\/khms.gov.t.*
^https?:\/\/wanfang.gov.t.*
^https?:\/\/nict.gov.t.*
^https?:\/\/arte.gov.t.*
^https?:\/\/nmh.gov.t.*
^https?:\/\/nmp.gov.t.*
^https?:\/\/tphcc.gov.t.*
^https?:\/\/iner.gov.t.*
^https?:\/\/tncsec.gov.t.*
^https?:\/\/nspo.gov.t.*
^https?:\/\/aide.gov.t.*
^https?:\/\/ncree.gov.t.*
^https?:\/\/vghks.gov.t.*
^https?:\/\/tchb.gov.t.*
^https?:\/\/pabp.gov.t.*
^https?:\/\/itrc.gov.t.*
^https?:\/\/df.gov.t.*
^https?:\/\/womenbusiness.nyc.gov.t.*
^https?:\/\/gsn-cert.nat.gov.t.*
^https?:\/\/kk.gov.t.*
^https?:\/\/thbstc.gov.t.*
^https?:\/\/comnews.gio.gov.t.*
^https?:\/\/comnews.gio.gov.t.*
^https?:\/\/klccab.gov.t.*
^https?:\/\/yvtc.gov.t.*
^https?:\/\/aftygh.gov.t.*
^https?:\/\/klra.gov.t.*
^https?:\/\/lungtanhr.gov.t.*
^https?:\/\/taoyuan.gov.t.*
^https?:\/\/hcc.gov.t.*
^https?:\/\/nvri.gov.t.*
^https?:\/\/nmvttc.gov.t.*
^https?:\/\/kmh.gov.t.*
^https?:\/\/patehr.gov.t.*
^https?:\/\/nerch.gov.t.*
^https?:\/\/kmseh.gov.t.*
^https?:\/\/nertt.gov.t.*
^https?:\/\/cycab.gov.t.*
^https?:\/\/chukuang.gov.t.*
^https?:\/\/gysd.nyc.gov.t.*
^https?:\/\/cp-house.gov.t.*
^https?:\/\/vghtpe.gov.t.*
^https?:\/\/etraining.gov.t.*
^https?:\/\/stag.gov.t.*
^https?:\/\/bdhr.gov.t.*
^https?:\/\/tcsac.gov.t.*
^https?:\/\/imagesblog.gio.gov.t.*
^https?:\/\/arte.gov.t.*
^https?:\/\/dmtip.gov.t.*
^https?:\/\/chccc.gov.t.*
^https?:\/\/hengchuen.gov.t.*
^https?:\/\/hsinchu-cc.gov.t.*
^https?:\/\/921.gov.t.*
^https?:\/\/ncdr.nat.gov.t.*
^https?:\/\/4pppc.gov.t.*
^https?:\/\/klsio.gov.t.*
^https?:\/\/nici.nat.gov.t.*
^https?:\/\/cromotc.nat.gov.t.*
^https?:\/\/taitung-house.gov.t.*
^https?:\/\/aliyun.co.*
^https?:\/\/baidu.co.*
^https?:\/\/chinaso.co.*
^https?:\/\/fonts.googleapis.co.*
^https?:\/\/csi.gstatic.co.*
^https?:\/\/fonts.gstatic.co.*
^https?:\/\/haosou.co.*
^https?:\/\/forum1.hkgolden.com.*
^https?:\/\/forum6.hkgolden.com.*
^https?:\/\/forum9.hkgolden.com.*
^https?:\/\/articlehtml.hkgolden.co.*
^https?:\/\/jike.co.*
^http://translate.google.c.*
^http://www.google.cn/map.*
^https?:\/\/http2.golang.or.*
^https?:\/\/qq.co.*
^https?:\/\/sina.c.*
^https?:\/\/sina.com.c.*
^https?:\/\/sogou.co.*
^https?:\/\/so.co.*
^https?:\/\/soso.co.*
^https?:\/\/yahoo.c.*
^https?:\/\/youdao.co.*
^https?:\/\/zhongsou.co.*
^https://autoproxy.or.*
^http://ime.baidu.j.*
