.*.lsxszzg.co.*
^http://85.17.73.31.*
^https?:\/\/alien-ufos.co.*
^https?:\/\/altrec.co.*
^https?:\/\/asianspiss.co.*
^https?:\/\/azubu.t.*
^https?:\/\/beeg.co.*
^https?:\/\/boysmaster.co.*
^https?:\/\/darpa.mi.*
^http://img.dlsite.jp.*
^https?:\/\/dmm.co.j.*
^https?:\/\/fastpic.r.*
^https?:\/\/flipboard.co.*
^https?:\/\/fxnetworks.co.*
^https?:\/\/getuploader.co.*
.*hulu.co.*
.*huluim.co.*
^https?:\/\/hybrid-analysis.co.*
^http://www.ilovelongtoes.com.*
^https?:\/\/juliepost.co.*
^http://www.m-sport.co.u.*
^https?:\/\/macgamestore.co.*
^https?:\/\/metarthunter.co.*
^https?:\/\/mfxmedia.co.*
^https?:\/\/muzu.t.*
^http://www.nbc.com/liv.*
^https?:\/\/netflix.co.*
^https?:\/\/nuuvem.co.*
^https?:\/\/osaka69.co.*
^https?:\/\/pandora.co.*
.*.pandora.t.*
^http://www.parkansky.co.*
^http://.+.pimg.tw.*
^https?:\/\/pure18.co.*
^https?:\/\/qq.co.z.*
^http://radiko.j.*
^https?:\/\/rdio.co.*
^http://cdn.+.search.xxx.*
^https?:\/\/slacker.co.*
^https?:\/\/spotify.co.*
^https?:\/\/springboardplatform.co.*
^https?:\/\/target.co.*
^https?:\/\/turntable.f.*
^https?:\/\/twerkingbutt.co.*
^https?:\/\/vevo.co.*
^http://ecsm.vs.com.*
^https?:\/\/wheretowatch.co.*
^https?:\/\/wingamestore.co.*
^https?:\/\/zattoo.co.*
^https?:\/\/zozotown.co.*
.*.0rz.t.*
^http://0rz.t.*
^https?:\/\/0to255.co.*
.*1-apple.com.t.*
^https?:\/\/1-apple.com.t.*
.*.10conditionsoflove.co.*
^https?:\/\/10musume.co.*
.*123rf.co.*
.*.12bet.co.*
^https?:\/\/12bet.co.*
.*.12vpn.co.*
^https?:\/\/12vpn.co.*
.*141hongkong.com/foru.*
.*.17t17p.co.*
.*.173ng.co.*
^https?:\/\/173ng.co.*
.*1984bbs.co.*
^https?:\/\/1984bbs.co.*
.*.1984bbs.or.*
^https?:\/\/1984bbs.or.*
.*.1998cdp.or.*
.*.1bao.or.*
^http://1bao.or.*
^https?:\/\/1pondo.t.*
.*.1eew.co.*
.*.2-hand.inf.*
.*.2000fun.com/bb.*
.*.2008xianzhang.inf.*
^https?:\/\/2008xianzhang.inf.*
.*.213.s.*
.*21andy.com/blo.*
.*.228.net.t.*
.*24smile.or.*
.*.2shared.co.*
.*.315lz.co.*
^https?:\/\/32red.co.*
^https?:\/\/36rain.co.*
.*.3a5a.co.*
.*.3boys2girls.co.*
.*.3tui.ne.*
^https?:\/\/4bluestones.bi.*
^https?:\/\/4chan.or.*
^https?:\/\/4shared.co.*
.*5i01.co.*
.*taiwannation.50webs.co.*
^https?:\/\/51.c.*
.*.5isotoi5.or.*
.*.5maodang.co.*
.*64mem.*
.*.64museum.or.*
.*64tianwang.co.*
.*64wiki.co.*
.*666kb.co.*
.*6park.co.*
^https?:\/\/6park.co.*
^https?:\/\/7capture.co.*
^http://85st.co.*
.*.881903.com/page/zh-tw.*
.*.888.co.*
^https?:\/\/881903.co.*
.*89-64.or.*
^https?:\/\/89-64.or.*
.*.9001700.co.*
^http://908taiwan.org.*
^http://91porn.co.*
.*.92ccav.co.*
^https?:\/\/9bis.co.*
^https?:\/\/9bis.ne.*
.*.tibet.a.s.*
^http://tibet.a.s.*
^https?:\/\/a-normal-day.co.*
.*a5.com.r.*
^http://aamacau.co.*
^http://cdn.+.abc.com.*
.*.ablwang.co.*
.*.aboluowang.co.*
^https?:\/\/aboluowang.co.*
.*.aboutgfw.co.*
^https?:\/\/acgkj.co.*
.*actimes.com.a.*
^https?:\/\/aculo.u.*
^https?:\/\/addictedtocoffee.d.*
.*adultfriendfinder.co.*
.*adultkeep.net/peepshow/members/main.ht.*
^https?:\/\/advanscene.co.*
^https?:\/\/advertfan.co.*
^https?:\/\/aenhancers.co.*
^https?:\/\/af.mi.*
.*aiph.ne.*
^https?:\/\/aiph.ne.*
^http://download.aircrack-ng.or.*
.*.aisex.co.*
^https?:\/\/ait.org.t.*
.*aiweiwei.co.*
.*.aiweiweiblog.co.*
^https?:\/\/aiweiweiblog.co.*
^https?:\/\/www.ajsands.co.*
^https://fbcdn.+.akamaihd.net.*
^https?:\/\/akiba-online.co.*
^https?:\/\/al-qimmah.ne.*
^https?:\/\/alabout.co.*
^https?:\/\/alasbarricadas.or.*
.*alexlur.or.*
.*aliengu.co.*
^https?:\/\/alkasir.co.*
.*allgirlsallowed.or.*
.*alliance.org.h.*
.*.allinfa.co.*
^http://allinfa.co.*
^https?:\/\/allmovie.co.*
^https?:\/\/alternate-tools.co.*
.*alvinalexander.co.*
.*alwaysdata.co.*
^https?:\/\/alwaysdata.co.*
^https?:\/\/alwaysdata.ne.*
^https?:\/\/am730.com.h.*
.*amazon.com/Prisoner-State-Secret-Journal-Premie.*
.*ameblo.j.*
^https?:\/\/ameblo.j.*
^https?:\/\/americangreencard.co.*
^https?:\/\/amiblockedornot.co.*
.*.amnesty.or.*
^https?:\/\/amnesty.or.*
.*.amnestyusa.or.*
^https?:\/\/amnestyusa.or.*
.*.amnyemachen.or.*
.*.amoiist.co.*
.*analyze-v.co.*
^https?:\/\/anchorfree.co.*
^https?:\/\/ancsconf.or.*
^https?:\/\/andfaraway.ne.*
^https?:\/\/android.co.*
^https?:\/\/android-x86.or.*
^https?:\/\/angularjs.or.*
.*animecrazy.ne.*
.*aniscartujo.co.*
^https?:\/\/aniscartujo.co.*
^https?:\/\/anobii.co.*
.*.anonymizer.co.*
.*anontext.co.*
.*.answering-islam.or.*
^http://www.antd.or.*
^https?:\/\/anthonycalzadilla.co.*
.*.antiwave.ne.*
^http://antiwave.ne.*
^https?:\/\/aobo.com.a.*
^https?:\/\/aolchannels.aol.co.*
.*video.aol.ca/video-detai.*
.*video.aol.co.uk/video-detai.*
.*video.aol.co.*
^https?:\/\/video.aol.co.*
.*www.aolnews.co.*
^https?:\/\/aomiwang.co.*
.*video.ap.or.*
.*.apetube.co.*
^https?:\/\/apiary.i.*
.*.apigee.co.*
^https?:\/\/apigee.co.*
.*appledaily.co.*
.*archive.i.*
^https?:\/\/archive.or.*
.*.arctosia.co.*
^http://arctosia.co.*
^https?:\/\/areca-backup.or.*
^https?:\/\/arlingtoncemetery.mi.*
^https?:\/\/army.mi.*
.*artsy.ne.*
.*.asahichinese.co.*
^https?:\/\/asahichinese.co.*
.*asdfg.jp/dab.*
^http://japanfirst.asianfreeforum.com.*
.*.asiaharvest.or.*
^https?:\/\/asiaharvest.or.*
.*asianews.i.*
^https?:\/\/asianwomensfilm.d.*
^https?:\/\/askstudent.co.*
.*.askynz.ne.*
^https?:\/\/askynz.ne.*
^https?:\/\/assembla.co.*
^https?:\/\/astonmartinnews.co.*
^https?:\/\/astrill.co.*
^https?:\/\/atc.org.a.*
.*.atchinese.co.*
^http://atchinese.co.*
.*atgfw.or.*
^https?:\/\/atj.org.t.*
.*.atlaspost.co.*
^https?:\/\/atlaspost.co.*
^https?:\/\/atdmt.co.*
.*.atnext.co.*
^https?:\/\/atnext.co.*
.*avaaz.or.*
^https?:\/\/avaaz.or.*
^https?:\/\/avast.co.*
.*.avdb.i.*
^https?:\/\/avdb.i.*
.*.avdb.t.*
^https?:\/\/avdb.t.*
^https?:\/\/avidemux.or.*
^https?:\/\/avoision.co.*
^https?:\/\/axureformac.co.*
.*forum.baby-kingdom.co.*
.*babynet.com.h.*
.*backchina.co.*
^https?:\/\/backchina.co.*
.*.backpackers.com.tw/foru.*
.*backtotiananmen.co.*
.*badoo.co.*
^http://.+2.bahamut.com.t.*
^https?:\/\/baidu.j.*
^https?:\/\/baixing.m.*
.*hen.bao.l.*
^https?:\/\/bannedbook.or.*
.*bannedbook.or.*
^https?:\/\/bannedbook.or.*
.*.barenakedislam.co.*
^https?:\/\/barnabu.co.u.*
.*bayvoice.ne.*
^https?:\/\/bayvoice.ne.*
.*dajusha.baywords.co.*
.*.bbc.co.uk.+chines.*
.*.bbc.co.uk/t.*
.*.bbc.co.+zhongwe.*
.*news.bbc.co.uk/onthisday.+newsid_2496000/249627.*
.*newsforums.bbc.co.u.*
.*.bbcchinese.co.*
^https?:\/\/bbcchinese.co.*
^http://bbc.i.*
.*.bbg.go.*
^https?:\/\/bbsfeed.co.*
.*bbsland.co.*
.*.bbsone.co.*
.*.bcc.com.tw/boar.*
.*.bcchinese.ne.*
.*.bebo.co.*
^https?:\/\/bebo.co.*
.*.behindkink.co.*
^https?:\/\/beijing1989.co.*
.*beijingspring.co.*
^https?:\/\/beijingspring.co.*
.*.berlintwitterwall.co.*
^https?:\/\/berlintwitterwall.co.*
.*.bestforchina.or.*
^https?:\/\/bestforchina.or.*
^https?:\/\/bestvpn.co.*
.*.bestvpnservice.co.*
.*.bestvpnusa.co.*
^https?:\/\/bet365.co.*
.*.betfair.co.*
.*.bettween.co.*
^https?:\/\/bettween.co.*
^https?:\/\/betvictor.co.*
.*.bewww.ne.*
.*.beyondfirewall.co.*
^https?:\/\/bfnn.or.*
^https?:\/\/bfsh.hk.*
.*biantailajiao.co.*
.*biantailajiao.i.*
.*.biblesforamerica.or.*
^http://biblesforamerica.or.*
.*.bic2011.or.*
.*bigfools.co.*
.*.bignews.or.*
^https?:\/\/bignews.or.*
.*.bigsound.org/portno.*
^https?:\/\/bill2-software.co.*
^http://billypan.com/wik.*
^https?:\/\/billywr.co.*
.*bipic.ne.*
.*.bit.l.*
^http://bit.l.*
^https?:\/\/bitcointalk.or.*
.*.bitshare.co.*
^https?:\/\/bitshare.co.*
.*bjzc.or.*
^https?:\/\/bjzc.org.*
.*tor.blingblingsquad.ne.*
.*.blinkx.co.*
^https?:\/\/blinkx.co.*
.*blinw.co.*
.*.blip.t.*
^https?:\/\/blip.tv.*
.*.blockcn.co.*
^https?:\/\/blockcn.co.*
^https?:\/\/blog.d.*
^https?:\/\/blogblog.co.*
.*.blogcatalog.co.*
^https?:\/\/blogcatalog.co.*
^https?:\/\/blogcity.m.*
.*.blogger.co.*
^https?:\/\/blogger.co.*
.*blogimg.j.*
^https?:\/\/blog.kangye.or.*
.*.bloglines.co.*
^https?:\/\/bloglines.co.*
^https?:\/\/bloglovin.co.*
.*rconversation.blogs.co.*
.*/^https?:\/\/[^\/]+blogspot\.\(..+\).*
.*blogtd.ne.*
.*.blogtd.or.*
^http://blogtd.or.*
^https?:\/\/bloodshed.ne.*
.*.bloomberg.c.*
^https?:\/\/bloomberg.c.*
.*.bloomberg.co.*
^https?:\/\/bloomberg.co.*
.*bloomberg.d.*
^https?:\/\/bloomberg.d.*
^https?:\/\/bloomfortune.co.*
^https?:\/\/bnrmetal.co.*
.*boardreader.com/threa.*
^https?:\/\/boardreader.co.*
.*.bod.asi.*
^http://bod.asi.*
.*bonbonme.co.*
^https?:\/\/boobstagram.co.*
^https?:\/\/book.com.t.*
^https?:\/\/books.com.t.*
^https?:\/\/botanwang.co.*
.*.bot.n.*
.*.bowenpress.co.*
^https?:\/\/bowenpress.co.*
^https?:\/\/app.box.co.*
.*dl.box.ne.*
^https?:\/\/dl.box.ne.*
.*boxun.co.*
^https?:\/\/boxun.co.*
.*.boxun.t.*
^https?:\/\/boxun.t.*
.*boxunblog.co.*
^https?:\/\/boxunblog.co.*
.*.boxunclub.co.*
.*.boyfriendtv.co.*
^https?:\/\/br.s.*
^https?:\/\/brandonhutchinson.co.*
^https?:\/\/braumeister.or.*
.*.bravotube.ne.*
^https?:\/\/bravotube.ne.*
.*.brazzers.co.*
.*.break.co.*
^https?:\/\/break.co.*
.*.breakingtweets.co.*
^https?:\/\/breakingtweets.co.*
^https?:\/\/breakwall.ne.*
.*briian.com/6511/freegat.*
.*.briefdream.com/%E7%B4%A0%E6%A3%B.*
.*brizzly.co.*
^https?:\/\/brizzly.co.*
.*broadbook.co.*
.*.broadpressinc.co.*
.*brucewang.ne.*
^https?:\/\/bt95.co.*
^http://btdigg.or.*
.*.btspread.co.*
.*.budaedu.or.*
^https?:\/\/budaedu.or.*
.*.bullog.or.*
^https?:\/\/bullog.or.*
.*.bullogger.co.*
^https?:\/\/bullogger.co.*
^http://www.businessinsider.com.au/.*
^http://static.+.businessinsider.com.*
.*.businessweek.co.*
.*.businesstimes.com.c.*
^http://businesstimes.com.c.*
^https?:\/\/bugclub.or.*
^https?:\/\/buugaa.co.*
.*.buzzhand.co.*
.*buzzurl.j.*
.*bwsj.h.*
^https?:\/\/bx.t.*
.*holz.byethost8.co.*
.*.c-spanvideo.or.*
^https?:\/\/c-spanvideo.or.*
^https?:\/\/c-est-simple.co.*
.*.cacnw.co.*
.*.cactusvpn.co.*
^https?:\/\/cactusvpn.co.*
.*.cafepress.co.*
.*.cahr.org.t.*
.*.calameo.com/book.*
.*cn.calameo.co.*
^http://cn.calameo.co.*
.*.its.caltech.edu/~falun.*
.*.cam4.co.*
.*.cam4.j.*
.*.cam4.s.*
^https?:\/\/cams.co.*
.*.cams.org.s.*
.*canadameet.co.*
^http://bbs.cantonese.asia.*
.*.canyu.or.*
.*.cao.i.*
.*.caobian.inf.*
^https?:\/\/caobian.inf.*
.*cardinalkungfoundation.or.*
.*.casatibet.org.m.*
.*caochangqing.co.*
^https?:\/\/caochangqing.co.*
.*cari.com.m.*
^https?:\/\/catch22.ne.*
^https?:\/\/catfightpayperview.xx.*
.*.catholic.org.h.*
^https?:\/\/catholic.org.h.*
.*catholic.org.t.*
^https?:\/\/catholic.org.t.*
^https?:\/\/cattt.co.*
^https?:\/\/cbc.c.*
.*.cbsnews.com/vide.*
.*.cbtc.org.h.*
.*.ccdtr.or.*
^https?:\/\/ccdtr.or.*
.*.ccim.or.*
.*cclife.or.*
.*.ccthere.co.*
.*.cctongbao.com/article/207873.*
.*ccue.c.*
.*ccue.co.*
.*.cgdepot.or.*
^http://cgdepot.or.*
^https?:\/\/cdbook.or.*
^https?:\/\/cdd.m.*
.*.cdef.or.*
^https?:\/\/cdig.inf.*
.*cdjp.or.*
^https?:\/\/cdjp.org.*
^https?:\/\/cdninstagram.co.*
.*.cdnews.com.t.*
.*cdp1989.or.*
.*cdp1998.or.*
^https?:\/\/cdp1998.or.*
.*cdp2006.or.*
^https?:\/\/cdp2006.or.*
.*.cdpa.url.t.*
.*cdpeu.or.*
.*cdpusa.or.*
.*cdpweb.or.*
^https?:\/\/cdpweb.or.*
.*cdpwu.or.*
^https?:\/\/cdpwu.or.*
^https?:\/\/cdw.co.*
.*.cecc.go.*
^https?:\/\/cecc.go.*
^https?:\/\/cellulo.inf.*
^https?:\/\/cenci.t.*
^https?:\/\/cenews.e.*
^https?:\/\/centralnation.co.*
.*.centurys.ne.*
^http://centurys.ne.*
.*.cfhks.org.h.*
.*.cftfc.co.*
.*.cgst.ed.*
^https?:\/\/chandoo.or.*
.*.change.or.*
^http://change.or.*
.*.changp.co.*
^https?:\/\/changp.co.*
.*.chapm25.co.*
.*.chaturbate.co.*
.*chengmingmag.co.*
.*.chenguangcheng.co.*
^https?:\/\/chenguangcheng.co.*
.*chenpokong.co.*
^https?:\/\/cherrysave.co.*
.*.chhongbi.or.*
^http://chicagoncmtv.co.*
.*.china-week.co.*
.*china101.co.*
^https?:\/\/china101.co.*
^https?:\/\/china18.or.*
^https?:\/\/china21.co.*
.*china21.or.*
^https?:\/\/china21.or.*
.*.china5000.u.*
.*chinaaffairs.or.*
^https?:\/\/chinaaffairs.or.*
^https?:\/\/chinaaid.m.*
.*chinaaid.u.*
.*chinaaid.or.*
.*chinaaid.ne.*
.*chinacomments.or.*
^https?:\/\/chinacomments.or.*
.*chinachange.or.*
.*chinachannel.h.*
^https?:\/\/chinachannel.h.*
.*.chinadigitaltimes.ne.*
^https?:\/\/chinadigitaltimes.ne.*
.*.chinaeweekly.co.*
^https?:\/\/chinaeweekly.co.*
^https?:\/\/chinafreepress.or.*
.*.chinagate.co.*
.*chinageeks.or.*
.*chinagfw.or.*
^https?:\/\/chinagfw.or.*
.*.chinagreenparty.or.*
^https?:\/\/chinagreenparty.or.*
.*.chinahorizon.or.*
^https?:\/\/chinahorizon.or.*
.*.chinahush.co.*
.*chinalaborwatch.or.*
.*chinalawtranslate.co.*
.*chinaxchina.com/howt.*
.*.chinainperspective.co.*
.*chinainperspective.net/ArtShow.aspx.*
^https?:\/\/chinainperspective.ne.*
.*.chinainperspective.or.*
^https?:\/\/chinainperspective.or.*
^https?:\/\/chinainterimgov.or.*
.*chinalawandpolicy.co.*
.*.chinamule.co.*
^https?:\/\/chinamule.co.*
.*chinamz.or.*
.*.chinarightsia.or.*
.*chinasocialdemocraticparty.co.*
^https?:\/\/chinasocialdemocraticparty.co.*
.*chinasoul.or.*
^https?:\/\/chinasoul.or.*
.*chinatimes.co.*
.*chinatweeps.co.*
.*chinaway.or.*
.*.chinaworker.inf.*
^https?:\/\/chinaworker.inf.*
.*chinayouth.org.h.*
.*chinayuanmin.or.*
^https?:\/\/chinayuanmin.or.*
.*.chinese-hermit.ne.*
.*chinese-memorial.or.*
^https?:\/\/chinesedailynews.co.*
.*.chinesen.d.*
^https?:\/\/chinesen.d.*
.*.chinesepen.or.*
.*.chinesetalks.net/c.*
.*.chingcheong.co.*
^https?:\/\/chingcheong.co.*
.*chithu.or.*
.*chn.chosun.co.*
.*.chrdnet.co.*
^http://chrdnet.co.*
.*christianstudy.co.*
^https?:\/\/christianstudy.co.*
.*christusrex.org/www1/sd.*
^https?:\/\/chrlcg-hk.or.*
^https?:\/\/chrome.co.*
^https?:\/\/chromeadblock.co.*
^https?:\/\/chromium.or.*
.*chubun.co.*
.*chuizi.ne.*
^https?:\/\/christiantimes.org.h.*
.*.chrlawyers.h.*
^https?:\/\/circlethebayfortibet.or.*
^https?:\/\/citizenscommission.h.*
.*.citizenlab.or.*
.*citizensradio.or.*
.*.city365.c.*
^http://city365.c.*
.*city9x.co.*
.*.civicparty.h.*
^https?:\/\/civicparty.h.*
.*civilhrfront.or.*
^https?:\/\/civilhrfront.or.*
.*.civilmedia.t.*
.*psiphon.civisec.or.*
.*.ck101.co.*
^https?:\/\/ck101.co.*
^https?:\/\/classicalguitarblog.ne.*
.*.clb.org.h.*
.*clearharmony.ne.*
.*clearwisdom.ne.*
.*.clipfish.d.*
^https?:\/\/club1069.co.*
.*cmi.org.t.*
^http://www.cmoinc.or.*
^https?:\/\/cmule.co.*
^https?:\/\/cmule.or.*
^https?:\/\/cms.go.*
^https?:\/\/cna.com.t.*
.*.cnavista.com.tw/shop/stores_ap.*
.*.cnd.or.*
^https?:\/\/cnd.org.*
.*wiki.cnitter.co.*
.*.cnn.com/vide.*
.*news.cnyes.co.*
^https?:\/\/cochina.c.*
^https?:\/\/cochina.or.*
.*.code1984.com/6.*
^https?:\/\/codeshare.i.*
^https?:\/\/codeskulptor.or.*
^http://tosh.comedycentral.co.*
.*comefromchina.co.*
^https?:\/\/comefromchina.co.*
^https?:\/\/commentshk.co.*
^https?:\/\/compileheart.co.*
^https?:\/\/conoyo.co.*
.*.contactmagazine.ne.*
.*.convio.ne.*
.*.coobay.co.*
^http://www.cool18.com/bbs.+.*
.*.coolaler.co.*
^https?:\/\/coolaler.co.*
.*coolder.co.*
^https?:\/\/coolder.co.*
^https?:\/\/coolloud.org.t.*
.*corumcollege.co.*
^https?:\/\/couchdbwiki.co.*
^https?:\/\/cotweet.co.*
.*cpj.or.*
^https?:\/\/cpj.org.*
.*crackle.co.*
^https?:\/\/crackle.co.*
^https?:\/\/crchina.or.*
.*crd-net.or.*
.*creaders.ne.*
^https?:\/\/creaders.ne.*
.*.crossthewall.ne.*
^https?:\/\/crossthewall.ne.*
.*csdparty.co.*
^https?:\/\/csdparty.co.*
^https?:\/\/csuchen.d.*
.*.ctfriend.ne.*
.*.ctitv.com.t.*
.*cts.com.t.*
^http://library.usc.cuhk.edu.hk.*
^http://mjlsh.usc.cuhk.edu.hk.*
.*.cuhkacs.org/~benn.*
.*.cuihua.or.*
^https?:\/\/cuihua.or.*
.*.cuiweiping.ne.*
^https?:\/\/cuiweiping.ne.*
^https?:\/\/curvefish.co.*
.*.culture.t.*
^https?:\/\/culture.t.*
.*.cw.com.t.*
^http://forum.cyberctm.co.*
^https?:\/\/cyberghostvpn.co.*
^https?:\/\/cynscribe.co.*
.*cytode.u.*
^https?:\/\/ifan.cz.c.*
^https?:\/\/mike.cz.c.*
^https?:\/\/nic.cz.c.*
.*cl.d0z.ne.*
.*.dabr.co.u.*
^https?:\/\/dabr.co.u.*
.*dabr.mob.*
^https?:\/\/dabr.mob.*
^https?:\/\/dabr.m.*
.*dadazim.co.*
^https?:\/\/dadazim.co.*
.*.dadi360.co.*
.*dafagood.co.*
.*dafahao.co.*
^https?:\/\/dalailama.r.*
.*.dalailamavisit.org.n.*
.*.dailidaili.co.*
^https?:\/\/dailidaili.co.*
.*.dailymotion.co.*
.*.dajiyuan.co.*
.*.dajiyuan.e.*
.*dalailama.co.*
.*.dalailamaprotesters.inf.*
.*.dalailamaworld.co.*
^https?:\/\/dalailamaworld.co.*
.*dalianmeng.or.*
^https?:\/\/dalianmeng.or.*
.*.daliulian.or.*
^https?:\/\/daliulian.or.*
.*.danke4china.ne.*
^https?:\/\/danke4china.ne.*
.*.danwei.or.*
.*daolan.ne.*
.*.david-kilgour.co.*
^http://david-kilgour.co.*
.*daxa.c.*
^https?:\/\/daxa.cn.*
.*cn.dayabook.co.*
.*.daylife.com/topic/dalai_lam.*
^https?:\/\/dcard.t.*
.*.ddc.com.t.*
^https?:\/\/de-sci.or.*
.*.de-sci.or.*
.*lists.debian.or.*
.*packages.debian.org/zh-cn/lenny/gpas.*
^https?:\/\/delcamp.ne.*
.*delicious.com/GFWbookmar.*
.*.democrats.or.*
^https?:\/\/democrats.or.*
^https?:\/\/desc.se.*
.*.destroy-china.j.*
^https?:\/\/deutsche-welle.d.*
^https?:\/\/deviantart.co.*
^https?:\/\/deviantart.ne.*
^https?:\/\/devio.u.*
^https?:\/\/devpn.co.*
^http://www.dfanning.co.*
^https?:\/\/dfas.mi.*
.*.dharamsalanet.co.*
.*.diaoyuislands.or.*
^https?:\/\/diaoyuislands.or.*
.*static.digg.co.*
^http://digiland.tw.*
^https?:\/\/digitalnomadsproject.or.*
.*.diigo.co.*
^https?:\/\/diigo.co.*
^https?:\/\/furl.ne.*
.*.dipity.co.*
^https?:\/\/directcreative.co.*
^http://www.discogs.com.*
.*.discuss.com.h.*
^https?:\/\/discuss.com.h.*
.*disp.c.*
.*.dit-inc.u.*
^https?:\/\/dit-inc.u.*
.*.dizhidizhi.co.*
^https?:\/\/dizhuzhishang.co.*
.*djangosnippets.or.*
^https?:\/\/dl-laby.j.*
^https?:\/\/dlsite.co.*
^https?:\/\/dmcdn.ne.*
^https?:\/\/dnscrypt.or.*
^https?:\/\/dns2go.co.*
^https?:\/\/dnssec.ne.*
.*.dogfartnetwork.com/tou.*
.*.dojin.co.*
.*.dok-forum.ne.*
^https?:\/\/dolc.d.*
^https?:\/\/dolf.org.h.*
^https?:\/\/dollf.co.*
.*.domain.club.t.*
.*dongtaiwang.co.*
^https?:\/\/dongtaiwang.co.*
.*.dongtaiwang.ne.*
^https?:\/\/dongtaiwang.ne.*
.*.dongyangjing.co.*
.*.dontfilter.u.*
^https?:\/\/dontmovetochina.co.*
.*.dotplane.co.*
^https?:\/\/dotplane.co.*
^https?:\/\/dotsub.co.*
^https?:\/\/dougscripts.co.*
.*dowei.or.*
^https?:\/\/doxygen.or.*
.*dphk.or.*
.*dpp.org.t.*
^https?:\/\/dpp.org.t.*
^https?:\/\/dreammask.or.*
.*.drepung.or.*
^https?:\/\/drgan.ne.*
^https?:\/\/dropbox.co.*
^https?:\/\/dropboxusercontent.co.*
.*drsunacademy.co.*
.*.drtuber.co.*
.*.dscn.inf.*
^https?:\/\/dtiblog.co.*
^https?:\/\/dtic.mi.*
.*dtiserv2.co.*
^https?:\/\/duckduckgo.co.*
.*.duckload.com/downloa.*
^https?:\/\/duckmylife.co.*
.*.duihua.or.*
^https?:\/\/duihua.or.*
^https?:\/\/duihuahrjournal.or.*
.*.duoweitimes.co.*
^https?:\/\/duoweitimes.co.*
.*duping.ne.*
^https?:\/\/duplicati.co.*
.*dupola.co.*
.*dupola.ne.*
^https?:\/\/dvorak.or.*
.*.dw.co.*
^http://www.dw.co.*
^https?:\/\/dw.d.*
.*.dw-world.co.*
^https?:\/\/dw-world.co.*
.*.dw-world.d.*
.*http://dw-world.d.*
.*www.dwheeler.co.*
.*dwnews.co.*
^https?:\/\/dwnews.co.*
.*dwnews.ne.*
^https?:\/\/dwnews.ne.*
.*xys.dxiong.co.*
^https?:\/\/dynawebinc.co.*
.*.dyndns.or.*
.*.dzze.co.*
^https?:\/\/e-classical.com.t.*
^https?:\/\/e-gold.co.*
.*.e-gold.co.*
^https?:\/\/g.e-hentai.or.*
^https?:\/\/lofi.e-hentai.or.*
.*e-info.org.t.*
.*.e-traderland.net/boar.*
.*.e123.h.*
.*.eastturkestan.co.*
^http://www.eastturkistan.net.*
.*.eastturkistan-gov.or.*
.*.eastturkistangovernmentinexile.u.*
^https?:\/\/eastturkistangovernmentinexile.u.*
.*ebookbrowse.co.*
.*ebookee.co.*
.*ecministry.ne.*
.*bbs.ecstart.co.*
^https?:\/\/edgecastcdn.ne.*
.*/twimg\.edgesuite\.net\/\/?appledaily.*
.*edicypages.co.*
.*edoors.co.*
.*.edubridge.co.*
^https?:\/\/edubridge.co.*
^https?:\/\/eevpn.co.*
.*efcc.org.h.*
^https?:\/\/efmoe.co.*
^https?:\/\/eic-av.co.*
.*electionsmeter.co.*
^https?:\/\/elgoog.i.*
^https?:\/\/elpais.co.*
.*.eltondisney.co.*
^https?:\/\/emacsblog.or.*
.*.emory.ed.*
.*.emule-ed2k.co.*
^http://emule-ed2k.co.*
.*.emuparadise.m.*
^https?:\/\/enewstree.co.*
.*chinese.engadget.co.*
^https?:\/\/englishfromengland.co.u.*
^https?:\/\/entermap.co.*
.*.episcopalchurch.or.*
.*epochtimes-bg.co.*
^https?:\/\/epochtimes-bg.co.*
.*epochtimes-romania.co.*
^https?:\/\/epochtimes-romania.co.*
.*epochtimes.co.i.*
^https?:\/\/epochtimes.co.i.*
.*epochtimes.co.k.*
^https?:\/\/epochtimes.co.k.*
.*epochtimes.co.*
^https?:\/\/epochtimes.co.*
.*epochtimes.d.*
.*epochtimes.f.*
.*.epochtimes.i.*
.*epochtimes.j.*
.*epochtimes.r.*
.*epochtimes.s.*
.*epochtimestr.co.*
^https?:\/\/epochweekly.co.*
.*erabaru.ne.*
.*.erepublik.co.*
^http://erktv.com.*
^https?:\/\/ernestmandel.or.*
^https?:\/\/erights.ne.*
.*.etaa.org.a.*
.*etaiwannews.co.*
^https?:\/\/etizer.or.*
.*.ettoday.ne.*
.*.eulam.co.*
.*eventful.co.*
^https?:\/\/exblog.j.*
^https?:\/\/blog.exblog.co.j.*
^http://blog.excite.co.jp.*
^https?:\/\/expatshield.co.*
^https?:\/\/exploader.ne.*
.*.expressvpn.co.*
.*.extremetube.co.*
.*eyevio.j.*
^https?:\/\/eyevio.j.*
.*.eyny.co.*
.*.ezpc.tk/category/sof.*
.*.ezpeer.co.*
.*.facebook.co.*
^https?:\/\/facebook.co.*
.*/^https?:\/\/[^\/]+facebook\.com.*
^https?:\/\/connect.facebook.ne.*
^https?:\/\/facebookquotes4u.co.*
^http://facesoftibetanselfimmolators.inf.*
^https?:\/\/facesofnyfw.co.*
.*.faithfuleye.co.*
^https?:\/\/faiththedog.inf.*
.*.fakku.ne.*
.*falun-co.or.*
.*falunart.or.*
^https?:\/\/falunasia.inf.*
.*falundafa.or.*
.*falundafa-dc.or.*
^https?:\/\/falundafa-florida.or.*
^https?:\/\/falundafa-nc.or.*
.*falun-ny.ne.*
.*falundafamuseum.or.*
.*falungong.org.u.*
^https?:\/\/falunhr.or.*
.*faluninfo.ne.*
.*.falunpilipinas.ne.*
^https?:\/\/falunworld.ne.*
.*familyfed.or.*
^https?:\/\/fanglizhi.inf.*
^https?:\/\/fangong.or.*
.*fangongheike.co.*
.*fanqianghou.co.*
.*fapdu.co.*
.*.fawanghuihui.or.*
^https?:\/\/fbcdn.ne.*
.*fanqiangyakexi.ne.*
.*fail.h.*
^https?:\/\/famunion.co.*
.*.fan-qiang.co.*
.*.fangbinxing.co.*
^https?:\/\/fangbinxing.co.*
.*fangeming.co.*
^https?:\/\/fanswong.co.*
.*.fanyue.inf.*
.*.farwestchina.co.*
.*en.favotter.ne.*
^https?:\/\/faststone.or.*
.*favstar.f.*
^https?:\/\/favstar.f.*
.*faydao.com/weblo.*
^https?:\/\/fb.co.*
.*fb.m.*
^https?:\/\/fb.m.*
^https?:\/\/fbsbx.co.*
.*fc2.co.*
.*.fc2china.co.*
.*fc2blog.ne.*
^http://uygur.fc2web.com.*
.*video.fdbox.co.*
.*.fdc89.j.*
^https?:\/\/fourface.nodesnoop.co.*
^https?:\/\/feedburner.co.*
^https?:\/\/feedzshare.co.*
^https?:\/\/feelssh.co.*
.*feer.co.*
^http://feitianacademy.or.*
.*.feitian-california.or.*
^https?:\/\/feministteacher.co.*
.*.fengzhenghu.co.*
^https?:\/\/fengzhenghu.co.*
^http://ff.i.*
.*fflick.co.*
.*fgmtv.ne.*
.*.fgmtv.or.*
^http://feeds.fileforum.co.*
.*.files2me.co.*
^http://files2me.co.*
.*.fileserve.com/fil.*
.*fillthesquare.or.*
^https?:\/\/finalion.j.*
.*findbook.t.*
.*.fingerdaily.co.*
.*finler.ne.*
.*.fireofliberty.or.*
^https?:\/\/fireofliberty.or.*
.*.falsefire.co.*
^https?:\/\/falsefire.co.*
.*fleshbot.co.*
^https?:\/\/flickr.co.*
^https?:\/\/staticflickr.co.*
.*flickrhivemind.ne.*
.*yuming.flnet.or.*
^http://cn.fmnnow.co.*
.*fofldfradio.or.*
.*blog.foolsmountain.co.*
.*www.forum4hk.co.*
.*pioneer-worker.forums-free.co.*
^http://4sq.co.*
^https?:\/\/fotop.ne.*
.*video.foxbusiness.co.*
^http://foxgay.co.*
^https?:\/\/fringenetwork.co.*
^https?:\/\/flecheinthepeche.f.*
^https?:\/\/focustaiwan.t.*
.*.focusvpn.co.*
^https?:\/\/fofg.or.*
.*.fooooo.co.*
^https?:\/\/fooooo.co.*
.*footwiball.co.*
^https?:\/\/fourthinternational.or.*
^https?:\/\/foxdie.u.*
^https?:\/\/foxsub.co.*
.*foxtang.co.*
.*.fpmt.or.*
^http://fpmt.or.*
.*.fpmt.t.*
.*.fpmt-osel.or.*
^https?:\/\/fpmtmexico.or.*
.*fqok.or.*
^https?:\/\/fqrouter.co.*
^https?:\/\/franklc.co.*
.*.freakshare.co.*
^http://freakshare.co.*
^https?:\/\/free4u.com.a.*
.*free-gate.or.*
.*.free.fr/ads.*
^https?:\/\/allonlinux.free.f.*
^https?:\/\/dimitrik.free.f.*
.*kineox.free.f.*
^https?:\/\/puttycm.free.f.*
^https?:\/\/freealim.co.*
.*whitebear.freebearblog.or.*
.*.freechal.co.*
.*.freedomhouse.or.*
^https?:\/\/freedomhouse.or.*
.*.freegao.co.*
^https?:\/\/freegao.co.*
.*.free-hada-now.or.*
.*.freelotto.co.*
^https?:\/\/freelotto.co.*
.*freeman2.co.*
.*.freeopenvpn.co.*
.*freemoren.co.*
.*freemorenews.co.*
.*freenet-china.or.*
.*freenewscn.co.*
.*.freeoz.org/bb.*
^https?:\/\/freeoz.or.*
^https?:\/\/www.bulbous.freeserve.co.u.*
^https?:\/\/freessh.u.*
.*free4u.com.a.*
.*.free-ssh.co.*
^https?:\/\/free-ssh.co.*
.*.freedomcollection.org/interviews/rebiya_kadee.*
.*.freeforums.or.*
^https?:\/\/freenetproject.or.*
.*.freeoz.or.*
.*.freetibet.ne.*
^https?:\/\/freetibet.or.*
^http://freetibetanheroes.or.*
^https?:\/\/freewallpaper4.m.*
.*.freewebs.co.*
^https?:\/\/freeweibo.co.*
.*.freexinwen.co.*
.*.freeyoutubeproxy.ne.*
^https?:\/\/freeyoutubeproxy.ne.*
.*friendfeed.co.*
.*friendfeed-media.com/e99a4ebe2fb4c1985c2a58775eb4422961aa5a2.*
.*friends-of-tibet.or.*
.*.friendsoftibet.or.*
.*freechina.ne.*
^http://www.zensur.freerk.com.*
.*freevpn.n.*
^http://adult.friendfinder.com.*
.*.fring.co.*
^https?:\/\/fring.co.*
^https?:\/\/frommel.ne.*
.*.frontlinedefenders.or.*
^https?:\/\/fscked.or.*
.*.fsurf.co.*
.*.ftchinese.com/story/00105410.*
.*.ftchinese.com/.+vide.*
.*.ftchinese.com/comment.*
.*.fuckcnnic.ne.*
^https?:\/\/fuckcnnic.ne.*
.*fuckgfw.or.*
.*fulue.co.*
.*.funf.t.*
.*funp.co.*
.*.furhhdl.or.*
^https?:\/\/furinkan.co.*
.*.futurechinaforum.or.*
^https?:\/\/futuremessage.or.*
.*.fuyin.ne.*
^https?:\/\/fw.c.*
.*fzh999.co.*
.*fzh999.ne.*
^https?:\/\/gabocorp.co.*
.*.gaeproxy.co.*
.*.gaforum.or.*
^https?:\/\/galenwu.co.*
^https?:\/\/game735.co.*
.*gamebase.com.t.*
^http://wiki.gamerp.j.*
^https?:\/\/gamer.com.t.*
.*.gamer.com.t.*
.*.gamez.com.t.*
^https?:\/\/gamez.com.t.*
.*.gaoming.ne.*
^https?:\/\/gaoming.ne.*
.*ganges.co.*
.*.gaopi.ne.*
^http://gaopi.ne.*
.*.gaozhisheng.or.*
.*.gaozhisheng.ne.*
.*gardennetworks.co.*
^https?:\/\/gardennetworks.or.*
.*72.52.81.2.*
^https?:\/\/gartlive.co.*
^https?:\/\/gather.co.*
^https?:\/\/gaymap.c.*
.*.gaytube.co.*
.*.gazotube.co.*
^https?:\/\/gazotube.co.*
^https?:\/\/gcc.org.h.*
^https?:\/\/gclooney.co.*
.*.gcpnews.co.*
.*.gdbt.net/foru.*
.*gdzf.or.*
^https?:\/\/geek-art.ne.*
.*geekerhome.com/2010/03/xixiang-project-cross-gf.*
^https?:\/\/geekmanuals.co.*
.*.geocities.co.j.*
.*.geocities.com/SiliconValley/Circuit/5683/download.htm.*
.*hk.geocities.co.*
.*geocities.j.*
^https?:\/\/geohot.co.*
^https?:\/\/geometrictools.co.*
^https?:\/\/get-digital-help.co.*
.*.getchu.co.*
^https?:\/\/getfoxyproxy.or.*
.*.getfreedur.co.*
^https?:\/\/getgom.co.*
.*.getlantern.or.*
^https?:\/\/getlantern.or.*
.*.getjetso.com/foru.*
.*getiton.co.*
.*.getsocialscope.co.*
.*gfw.org.u.*
.*.ggssl.co.*
^https?:\/\/ggssl.co.*
^https?:\/\/ghost.or.*
^https?:\/\/ghut.or.*
^https?:\/\/giga-web.j.*
^http://tw.gigacircle.co.*
^http://cn.giganews.com.*
.*gigporno.r.*
^https?:\/\/gimpshop.co.*
^https?:\/\/girlbanker.co.*
^http://softwaredownload.gitbooks.io.*
^https://gist.github.co.*
^http://cthlo.github.io/hkt.*
^http://wsgzao.github.io/post/gfw-brea.*
^https?:\/\/glennhilton.co.*
.*globaljihad.ne.*
.*globalmuseumoncommunism.or.*
^https?:\/\/globalrescue.ne.*
.*.globalvoicesonline.or.*
^https?:\/\/globalvoicesonline.or.*
.*gmbd.c.*
^https?:\/\/gmhz.or.*
^http://www.gmiddle.com.*
^http://www.gmiddle.net.*
.*.gmll.or.*
^https?:\/\/gnci.org.h.*
^https?:\/\/goagent.bi.*
^https?:\/\/goagentplus.co.*
.*godfootsteps.or.*
^https?:\/\/godfootsteps.or.*
.*godsdirectcontact.org.t.*
.*.gokbayrak.co.*
^https?:\/\/goldbetsports.co.*
^http://www.goldenmelody.com.t.*
^https?:\/\/goldwave.co.*
.*gongmeng.inf.*
.*gongm.i.*
.*gongminliliang.co.*
.*.gongwt.co.*
^http://gongwt.com.*
.*.goodreads.co.*
^https?:\/\/goodreads.co.*
.*.goodreaders.co.*
^https?:\/\/goodreaders.co.*
.*.goodtv.com.t.*
.*.goodtv.t.*
^https?:\/\/goofind.co.*
.*.googlesile.co.*
.*.gopetition.co.*
^https?:\/\/gopetition.co.*
^https?:\/\/gotw.ca.*
.*grandtrial.or.*
^https?:\/\/graphis.ne.j.*
^https?:\/\/gravatar.co.*
.*greatfirewall.bi.*
^https?:\/\/greatfirewallofchina.ne.*
.*.greatfirewallofchina.or.*
^https?:\/\/greatfirewallofchina.or.*
.*.greenparty.org.t.*
^https?:\/\/greenpeace.or.*
.*great-firewall.co.*
.*great-roc.or.*
.*greatroc.or.*
.*greatzhonghua.or.*
.*.greenpeace.com.t.*
.*.greenvpn.ne.*
^https?:\/\/greenvpn.ne.*
.*gs-discuss.co.*
^https?:\/\/gtricks.co.*
.*guancha.or.*
.*.gun-world.ne.*
^https?:\/\/gutteruncensored.co.*
^https?:\/\/gvm.com.t.*
.*.gzm.t.*
^https?:\/\/gzone-anime.inf.*
^https?:\/\/abc.xy.*
^https?:\/\/agoogleaday.co.*
^https?:\/\/chromeexperiments.co.*
^https?:\/\/chromercise.co.*
^https?:\/\/data-vocabulary.or.*
^https?:\/\/g.c.*
^https?:\/\/ggpht.co.*
^https?:\/\/gmail.co.*
^https?:\/\/gmodules.co.*
^https?:\/\/goo.g.*
.*/^https?:\/\/[^\/]+google\.\(..+\).*
^https?:\/\/google-analytics.co.*
^https?:\/\/googleapis.co.*
^https?:\/\/googleartproject.co.*
^https?:\/\/googlecode.co.*
^https?:\/\/googlecommerce.co.*
^https?:\/\/googledomains.co.*
^https?:\/\/googleearth.co.*
^https?:\/\/googledrive.co.*
^https?:\/\/googlegroups.co.*
^https?:\/\/googlehosted.co.*
^https?:\/\/googlelabs.co.*
^https?:\/\/googlemail.co.*
^https?:\/\/googleplus.co.*
^https?:\/\/googlesource.co.*
^https?:\/\/googleusercontent.co.*
^https?:\/\/googlevideo.co.*
^https?:\/\/proxy.googlezip.ne.*
^https?:\/\/groups.google.c.*
^https?:\/\/gvt0.co.*
^https?:\/\/gvt1.co.*
^https?:\/\/html5rocks.co.*
^https?:\/\/panoramio.co.*
^https?:\/\/recaptcha.ne.*
^http://sipml5.org.*
.*.appspot.co.*
^https?:\/\/appspot.co.*
.*/^https?:\/\/[^\/]+appspot\.com.*
.*chinaaid.ne.*
.*echofon.co.*
^https?:\/\/golang.or.*
^https?:\/\/greasespot.ne.*
^https?:\/\/www.klip.m.*
^http://ub0.c.*
.*wozy.i.*
.*gospelherald.co.*
^https?:\/\/gospelherald.co.*
^http://hk.gradconnection.com.*
^https?:\/\/grangorz.or.*
^https?:\/\/graylog2.or.*
.*greatfire.or.*
^https?:\/\/greatfire.or.*
.*greatfirewallofchina.or.*
^https?:\/\/greatroc.t.*
^https?:\/\/gstatic.co.*
.*.gu-chu-sum.or.*
^http://gu-chu-sum.or.*
.*guishan.or.*
^https?:\/\/guishan.or.*
^https?:\/\/gunsamerica.co.*
^http://gvlib.co.*
.*.gyalwarinpoche.co.*
.*.gyatsostudio.co.*
^https?:\/\/h-china.or.*
.*h1n1china.or.*
.*.hacken.cc/bb.*
^https?:\/\/hackthatphone.ne.*
.*hahlo.co.*
^https?:\/\/hakkatv.org.t.*
^http://bbs.hanminzu.org.*
.*.hanunyi.co.*
^http://ae.hao123.co.*
^http://ar.hao123.co.*
^http://br.hao123.co.*
^http://en.hao123.co.*
^http://id.hao123.co.*
^http://jp.hao123.co.*
^http://ma.hao123.co.*
^http://sa.hao123.co.*
^http://th.hao123.co.*
^http://tw.hao123.co.*
^http://vn.hao123.co.*
^https?:\/\/hardsextube.co.*
.*.harunyahya.co.*
^https?:\/\/hasaowall.co.*
.*have8.co.*
^https?:\/\/hdtvb.ne.*
^https?:\/\/heartyit.co.*
.*.hecaitou.ne.*
^https?:\/\/hecaitou.ne.*
.*.hechaji.co.*
^https?:\/\/hechaji.co.*
^https?:\/\/heeact.edu.t.*
^https?:\/\/helplinfen.co.*
^https?:\/\/helloandroid.co.*
^https?:\/\/helloqueer.co.*
.*hellotxt.co.*
^https?:\/\/hellotxt.co.*
^https?:\/\/htxt.it.*
.*.hellouk.org/forum/lofiversio.*
.*.helpeachpeople.co.*
^https?:\/\/helpeachpeople.co.*
.*.helpzhuling.or.*
^https?:\/\/date.f.*
^https?:\/\/flightcaster.co.*
^https?:\/\/branch.co.*
^https?:\/\/awardwinningfjords.co.*
^https?:\/\/futureme.or.*
^https?:\/\/getcloudapp.co.*
^https?:\/\/cl.l.*
^https?:\/\/getsmartlinks.co.*
^https?:\/\/git-scm.co.*
^https?:\/\/lesscss.or.*
^https?:\/\/list.l.*
^https?:\/\/maxgif.co.*
^https?:\/\/overlapr.co.*
^https?:\/\/peerpong.co.*
^https?:\/\/pose.co.*
^https?:\/\/samsoff.e.*
^https?:\/\/sendoid.co.*
^https?:\/\/speckleapp.co.*
^https?:\/\/stuffimreading.ne.*
^https?:\/\/tomayko.co.*
^https?:\/\/twt.f.*
^https?:\/\/views.f.*
.*heqinglian.ne.*
.*here4news.co.*
^https?:\/\/heungkongdiscuss.co.*
^https?:\/\/hexxeh.ne.*
.*app.heywire.co.*
.*.hgseav.co.*
.*hidden-advent.or.*
^https?:\/\/hidden-advent.or.*
.*hidecloud.com/blog/2008/07/29/fuck-beijing-olympics.htm.*
^https?:\/\/hide.m.*
.*.hidemyass.co.*
^https?:\/\/hidemyass.co.*
^https?:\/\/hideipvpn.co.*
.*.hihiforum.co.*
^http://hihiforum.co.*
^https?:\/\/hihistory.ne.*
.*.higfw.co.*
^https?:\/\/highrockmedia.co.*
^https?:\/\/hiitch.co.*
^https?:\/\/hikinggfw.or.*
.*.himalayan-foundation.or.*
.*.himemix.co.*
^https?:\/\/himemix.co.*
.*.himemix.ne.*
.*times.hinet.ne.*
.*.hjclub.inf.*
.*.hk-pub.com/foru.*
^http://hk-pub.co.*
.*.hk32168.co.*
^https?:\/\/hk32168.co.*
.*app.hkatvnews.com/v.*
.*hkbc.ne.*
.*.hkbf.or.*
.*.hkchurch.or.*
.*hkday.ne.*
.*.hkdailynews.com.hk/china.ph.*
.*.hkej.co.*
.*.hkepc.com/forum/viewthread.php?tid=115332.*
.*global.hkepc.com.+foru.*
.*hkfront.or.*
.*hkgolden.co.*
.*.hkgreenradio.org/hom.*
.*.hkheadline.com.+blo.*
.*.hkheadline.com/instantnew.*
.*hkhkhk.co.*
.*hkjc.co.*
.*.hkjp.or.*
.*hkptu.or.*
.*.hkreporter.co.*
^https?:\/\/hkreporter.co.*
^http://hkupop.hku.hk.*
.*.hkwcc.org.h.*
^https?:\/\/hkzone.or.*
.*hnjhj.co.*
^https?:\/\/hnjhj.co.*
^https?:\/\/hola.co.*
^https?:\/\/hola.or.*
.*holyspiritspeaks.or.*
^https?:\/\/holyspiritspeaks.or.*
^https?:\/\/derekhsu.homeip.ne.*
^http://homeservershow.co.*
^http://old.honeynet.org/scans/scan31/sub/doug_eric/spam_translation.htm.*
.*hongmeimei.co.*
^https?:\/\/hongzhi.l.*
.*hootsuite.co.*
^https?:\/\/hootsuite.co.*
^http://globalrescue.hopto.org.*
.*hotpot.h.*
.*.hotshame.co.*
^https?:\/\/hotspotshield.co.*
^https?:\/\/hougaige.co.*
^https?:\/\/howtoforge.co.*
.*.hqcdp.or.*
^https?:\/\/hqcdp.or.*
.*.hrcir.co.*
.*.hrcchina.or.*
.*.hrichina.or.*
^https?:\/\/hrichina.or.*
.*.hrw.or.*
^https?:\/\/hrw.or.*
^https?:\/\/hsjp.ne.*
^https?:\/\/hsselite.co.*
.*.htkou.ne.*
^https?:\/\/htmldog.co.*
.*huaglad.co.*
.*.huanghuagang.or.*
^https?:\/\/huanghuagang.or.*
.*.huaren.u.*
^https?:\/\/huaren.u.*
.*huaxia-news.co.*
.*huaxiabao.or.*
.*huaxin.p.*
.*hua-yue.ne.*
^https?:\/\/hugoroy.e.*
^https?:\/\/huhaitai.co.*
^https?:\/\/huhamhire.co.*
.*humanrightsbriefing.or.*
^https?:\/\/hung-ya.co.*
^https?:\/\/hungerstrikeforaids.or.*
^https?:\/\/huping.ne.*
^https?:\/\/hutianyi.ne.*
.*hutong9.ne.*
^https?:\/\/hwayue.org.t.*
^https?:\/\/hwinfo.co.*
.*hxwq.or.*
^https?:\/\/hypeshell.co.*
^https?:\/\/hyperrate.co.*
.*.i-cable.co.*
^https?:\/\/i1.h.*
^https?:\/\/i2p2.de.*
^https?:\/\/i2runner.co.*
.*iask.c.*
^https?:\/\/iask.c.*
.*iask.b.*
^https?:\/\/iask.b.*
.*ibiblio.org/pub/packages/cci.*
^https?:\/\/iblogserv-f.ne.*
.*ibros.or.*
^http://cn.ibtimes.co.*
.*blogs.icerocket.com/ta.*
.*.icij.or.*
^https?:\/\/icl-fi.or.*
^https?:\/\/iconfactory.co.*
^https?:\/\/iconpaper.or.*
^https?:\/\/icu-project.or.*
.*w.idaiwan.com/foru.*
.*idemocracy.asi.*
.*.identi.c.*
^https?:\/\/identi.c.*
^https?:\/\/idiomconnection.co.*
^http://www.idlcoyote.co.*
.*.idouga.co.*
.*forum.idsam.co.*
.*.idv.t.*
.*ieasynews.ne.*
.*.ied2k.ne.*
^http://if.ttt.*
.*ifanqiang.co.*
.*.ifanr.com/85.*
.*.ifcss.or.*
^https?:\/\/ifcss.or.*
.*ifjc.or.*
^http://ift.t.*
^https?:\/\/ifreewares.co.*
^https?:\/\/igfw.ne.*
^https?:\/\/ignitedetroit.ne.*
^https?:\/\/igvita.co.*
^https?:\/\/ihakka.ne.*
^https?:\/\/iicns.co.*
^https?:\/\/illusionfactory.co.*
^https?:\/\/ilove80.b.*
^https?:\/\/im.t.*
^https?:\/\/im88.t.*
.*.imagefap.co.*
^https?:\/\/imagefap.co.*
^https?:\/\/imageflea.co.*
.*imageshack.u.*
^https?:\/\/imagevenue.co.*
^https?:\/\/imagezilla.ne.*
^http://www.imdb.com/name/nm048273.*
^http://www.imdb.com/title/tt0819354.*
.*.img.l.*
^https?:\/\/img.l.*
.*.imkev.co.*
^https?:\/\/imkev.co.*
.*.imlive.co.*
.*immigration.gov.t.*
^http://tech2.in.com/video.*
^https?:\/\/incredibox.f.*
.*.initiativesforchina.or.*
.*.inmediahk.ne.*
^https?:\/\/inmediahk.ne.*
^https?:\/\/innermongolia.or.*
.*.instagram.co.*
^https?:\/\/instagram.co.*
^https?:\/\/interfaceaddiction.co.*
^https?:\/\/internationalrivers.or.*
^http://internet.org.*
.*internetdefenseleague.or.*
.*internetfreedom.or.*
^https?:\/\/internetpopculture.co.*
.*inxian.co.*
^https?:\/\/inxian.co.*
^https?:\/\/ipcf.org.t.*
^https?:\/\/iphone4hongkong.co.*
^https?:\/\/iphonehacks.co.*
^https?:\/\/iphonix.f.*
^https?:\/\/ipicture.r.*
^https?:\/\/ippotv.co.*
^https://.+.iptorrents.co.*
^https://iptorrents.co.*
^https?:\/\/ipvanish.co.*
.*iredmail.or.*
^https?:\/\/ironicsoftware.co.*
^https?:\/\/ironbigfools.compython.ne.*
^https?:\/\/ironpython.ne.*
.*.beta.iset.com.tw/foru.*
.*http://beta.iset.com.tw/foru.*
.*forum.iset.com.t.*
.*.islam.org.h.*
.*.islamicity.co.*
.*.isaacmao.co.*
^https?:\/\/!--isaacmao.co.*
^https?:\/\/isgreat.or.*
^https?:\/\/ismaelan.co.*
^https?:\/\/ismprofessional.ne.*
.*isohunt.co.*
^https?:\/\/israbox.co.*
.*blog.istef.info/2007/10/21/myentunne.*
.*.istockphoto.co.*
.*isunaffairs.co.*
.*isuntv.co.*
.*itaboo.inf.*
^https?:\/\/itaboo.inf.*
.*download.ithome.com.t.*
.*ithelp.ithome.com.t.*
^https?:\/\/itshidden.co.*
.*.itweet.ne.*
^http://itweet.ne.*
.*.iu45.co.*
^https?:\/\/iuhrdf.or.*
.*.iverycd.co.*
^https?:\/\/lvv2.co.*
^https?:\/\/ixquick.co.*
.*iyouport.co.*
^https?:\/\/iyouport.co.*
.*.izaobao.u.*
^https?:\/\/gmozomg.izihost.or.*
.*.izles.ne.*
^https?:\/\/j.m.*
.*blog.jackjia.co.*
^https?:\/\/japan-whores.co.*
.*.javbus.co.*
.*jbtalks.c.*
.*jbtalks.co.*
.*jbtalks.m.*
.*.jdwsy.co.*
.*jeanyim.co.*
^https?:\/\/jgoodies.co.*
^https?:\/\/jiaoyou8.co.*
.*.jiehua.c.*
^https?:\/\/hk.jiepang.co.*
^https?:\/\/tw.jiepang.co.*
.*jieshibaobao.co.*
.*jigong1024.co.*
.*jinbushe.or.*
^https?:\/\/jinbushe.or.*
.*zhao.jinhai.d.*
.*jingpin.or.*
^https?:\/\/jingpin.or.*
.*ac.jiruan.ne.*
^https?:\/\/jitouch.co.*
.*jkforum.ne.*
.*research.jmsc.hku.hk/socia.*
^https?:\/\/joachims.or.*
^https?:\/\/jobso.t.*
^https?:\/\/joeedelman.co.*
^https?:\/\/journalofdemocracy.or.*
.*jpopforum.ne.*
^https?:\/\/juliereyc.co.*
^https?:\/\/junauza.co.*
.*.junefourth-20.ne.*
^https?:\/\/junefourth-20.ne.*
.*justfreevpn.co.*
.*justtristan.co.*
.*juyuange.or.*
.*juziyue.co.*
^https?:\/\/juziyue.co.*
^https?:\/\/jwmusic.or.*
.*.jyxf.ne.*
^https?:\/\/ka-wai.co.*
.*.kagyuoffice.or.*
^https?:\/\/kagyuoffice.or.*
^https?:\/\/kagyuoffice.org.t.*
.*.kaiyuan.d.*
^https?:\/\/kakao.co.*
.*kanzhongguo.co.*
.*kanzhongguo.e.*
^https?:\/\/karayou.co.*
^https?:\/\/kcsoftwares.co.*
.*.kechara.co.*
.*.keepandshare.com/visit/visit_page.php?i=68815.*
^https?:\/\/keepvid.co.*
.*.kendincos.ne.*
.*.kenengba.co.*
^https?:\/\/kenengba.co.*
^https?:\/\/keontech.ne.*
.*wiki.keso.cn/Hom.*
.*.khabdha.or.*
.*.khmusic.com.t.*
.*bbs.kimy.com.t.*
.*.kingdomsalvation.or.*
.*kinghost.co.*
.*.kingstone.com.t.*
.*killwall.co.*
^https?:\/\/killwall.co.*
.*.kissbbao.c.*
^http://kiwi.k.*
^https?:\/\/kmt.org.t.*
.*.knowledgerush.com/kr/encyclopedi.*
^https?:\/\/kodingen.co.*
^https?:\/\/kompozer.ne.*
^https?:\/\/koolsolutions.co.*
.*.koornk.co.*
^https?:\/\/koornk.co.*
.*.kui.name/even.*
.*.kuliwang.co.*
.*kun.i.*
.*.kurashsultan.co.*
^https?:\/\/kurtmunger.co.*
.*kusocity.co.*
^https?:\/\/kwcg.c.*
.*kwongwah.com.m.*
.*kyohk.ne.*
.*.kzeng.inf.*
^https?:\/\/kzeng.inf.*
.*la-forum.or.*
.*ladbrokes.co.*
^https?:\/\/labiennale.or.*
.*lagranepoca.co.*
.*.lalulalu.co.*
^http://www.lamenhu.co.*
.*laogai.or.*
^https?:\/\/laogai.or.*
.*laomiu.co.*
.*.laoyang.inf.*
^http://laoyang.inf.*
^https?:\/\/laptoplockdown.co.*
^https?:\/\/laqingdan.ne.*
^https?:\/\/larsgeorge.co.*
^https?:\/\/lastfm.e.*
.*latelinenews.co.*
.*.latibet.or.*
^https?:\/\/lazarsearlymusic.co.*
^https?:\/\/leecheukyan.or.*
^http://leirentv.c.*
.*leisurecafe.c.*
^https?:\/\/lematin.c.*
.*.lemonde.f.*
^https?:\/\/lenwhite.co.*
.*lerosua.or.*
^https?:\/\/lerosua.or.*
.*blog.lester850.inf.*
^https?:\/\/lesoir.b.*
.*letscorp.ne.*
^https?:\/\/letscorp.ne.*
.*liansi.or.*
.*.lianyue.ne.*
^https?:\/\/liaowangxizang.ne.*
.*.liaowangxizang.ne.*
^https?:\/\/liberal.org.h.*
.*libertytimes.com.t.*
.*.lidecheng.com/blog/fucking-gf.*
.*limiao.ne.*
.*abitno.linpie.com/use-ipv6-to-fuck-gf.*
^https?:\/\/line.m.*
.*.linglingfa.co.*
^https?:\/\/lingvodics.co.*
.*.linkideo.co.*
^https?:\/\/api.linksalpha.co.*
^https?:\/\/apidocs.linksalpha.co.*
^https?:\/\/www.linksalpha.co.*
^https?:\/\/help.linksalpha.co.*
^https?:\/\/linux-engineer.ne.*
^https?:\/\/linuxconfig.or.*
^https?:\/\/linuxreviews.or.*
.*linuxtoy.org/archives/installing-west-chamber-on-ubunt.*
.*.lipuman.co.*
^https?:\/\/listentoyoutube.co.*
.*listorious.co.*
^https?:\/\/liudejun.co.*
.*.liuhanyu.co.*
.*.liujianshu.co.*
^https?:\/\/liujianshu.co.*
.*liuxiaotong.co.*
^https?:\/\/liuxiaotong.co.*
.*liu.l.*
.*.liveleak.co.*
^https?:\/\/liveleak.co.*
.*.livestation.co.*
.*livestream.co.*
^https?:\/\/livestream.co.*
^https?:\/\/livingonline.u.*
^https?:\/\/livingstream.co.*
^https?:\/\/livevideo.co.*
.*.livevideo.co.*
.*lizhizhuangbi.co.*
.*lkcn.ne.*
^http://localpresshk.co.*
^https?:\/\/lockdown.co.*
^https?:\/\/lockestek.co.*
.*logbot.ne.*
^https?:\/\/logiqx.co.*
^https?:\/\/logmike.co.*
.*.longhair.h.*
^https?:\/\/longtermly.ne.*
.*.lookatgame.co.*
^http://lookatgame.co.*
^https?:\/\/lookingglasstheatre.or.*
^https?:\/\/lookpic.co.*
.*.looktoronto.co.*
.*.lotsawahouse.org/tibetan-masters/fourteenth-dalai-lam.*
.*.lotuslight.org.t.*
.*hkreporter.loved.h.*
^https?:\/\/lrfz.co.*
.*.lrip.or.*
^http://lrip.org.*
.*.lsd.org.h.*
^https?:\/\/lsd.org.h.*
.*lsforum.ne.*
^https?:\/\/lsm.or.*
^https?:\/\/lsmchinese.or.*
^https?:\/\/lsmkorean.or.*
.*.lsmradio.com/rad_archive.*
.*.ltn.com.t.*
^http://ltn.com.t.*
.*.lupm.or.*
^https?:\/\/lupm.or.*
^https?:\/\/lushstories.co.*
.*lvhai.or.*
^https?:\/\/lvhai.or.*
^https?:\/\/mh4u.or.*
.*m-team.cc/foru.*
.*www.macrovpn.co.*
^https?:\/\/mad-ar.c.*
^http://maiplus.co.*
^https?:\/\/marc.inf.*
.*marguerite.s.*
^https?:\/\/martincartoons.co.*
.*.maiio.ne.*
.*mail-archive.co.*
.*.malaysiakini.co.*
^https?:\/\/makemymood.co.*
^https?:\/\/marines.mi.*
.*markmail.org.+messag.*
^https?:\/\/martau.co.*
.*.martsangkagyuofficial.or.*
^http://martsangkagyuofficial.or.*
.*maruta.be/forge.*
.*.marxist.co.*
^https?:\/\/marxist.ne.*
.*.marxists.org/chines.*
^https?:\/\/matainja.co.*
^https?:\/\/mathiew-badimon.co.*
^https?:\/\/matsushimakaede.co.*
^http://maturejp.co.*
.*mayimayi.co.*
^https?:\/\/mcadforums.co.*
.*mcfog.co.*
.*.md-t.or.*
^https?:\/\/md-t.or.*
.*.mediafire.com/.*
^https?:\/\/meetup.co.*
.*mefeedia.co.*
.*.megaporn.co.*
^https?:\/\/megaproxy.co.*
^https?:\/\/megarotic.co.*
.*megavideo.co.*
^https?:\/\/megurineluka.co.*
.*meirixiaochao.co.*
^https?:\/\/melon-peach.co.*
.*memedia.c.*
.*.memehk.co.*
^https?:\/\/memehk.co.*
.*.memrijttm.or.*
.*merit-times.com.t.*
.*.mesotw.com/bb.*
.*.metacafe.co.*
^https?:\/\/meteorshowersonline.co.*
^http://www.metro.taipei.*
^https?:\/\/metrolife.c.*
^https?:\/\/mgoon.co.*
^https?:\/\/mgstage.co.*
.*mhradio.or.*
^http://michaelanti.co.*
^https?:\/\/michaelmarketl.co.*
.*middle-way.ne.*
.*.mihk.hk/foru.*
.*mihua.or.*
.*.mimivip.co.*
.*.mimivv.co.*
.*.mindrolling.or.*
^http://mindrolling.or.*
.*minghui.or.*
^https?:\/\/minghui.or.*
.*minghui-a.or.*
.*minghui-b.or.*
.*minghui-school.or.*
.*.mingjinglishi.co.*
^https?:\/\/mingjinglishi.co.*
.*mingjingnews.co.*
^https?:\/\/mingjingtimes.co.*
.*mingpao.co.*
.*.mingpaocanada.co.*
.*.mingpaomonthly.co.*
.*mingpaonews.co.*
.*.mingpaony.co.*
.*.mingpaosf.co.*
.*.mingpaotor.co.*
.*.mingpaovan.co.*
.*.mingshengbao.co.*
.*.ministrybooks.or.*
.*.minzhuhua.ne.*
^https?:\/\/minzhuhua.ne.*
.*minzhuzhanxian.co.*
.*minzhuzhongguo.or.*
^https?:\/\/miroguide.co.*
.*mirrorbooks.co.*
.*mitbbs.co.*
.*.mixero.co.*
^https?:\/\/mixero.co.*
.*mixpod.co.*
.*.mixx.co.*
^https?:\/\/mixx.co.*
^https?:\/\/mizzmona.co.*
.*.mk5000.co.*
.*.mlcool.co.*
^https?:\/\/mmaaxx.co.*
.*plurktop.mmdays.co.*
.*.mmmca.co.*
^https?:\/\/mobatek.ne.*
.*.mobile01.co.*
^https?:\/\/mobileways.d.*
.*.mobypicture.co.*
^http://moby.t.*
^https?:\/\/mrdoob.co.*
.*wiki.moegirl.or.*
^https?:\/\/mog.co.*
.*molihua.or.*
^https?:\/\/mondex.or.*
^http://www.monlamit.or.*
.*c1522.mooo.co.*
^https?:\/\/monitorchina.or.*
.*bbs.morbell.co.*
^https?:\/\/morningsun.or.*
^https?:\/\/movabletype.co.*
^https?:\/\/moviefap.co.*
^https?:\/\/www.moztw.or.*
.*mp3ye.e.*
^https?:\/\/mp.*
^https?:\/\/mpettis.co.*
.*mpfinance.co.*
.*mpinews.co.*
.*mrtweet.co.*
^https?:\/\/mrtweet.co.*
.*news.msn.com.t.*
.*msguancha.co.*
^https?:\/\/mthruf.co.*
^https?:\/\/multiply.co.*
.*multiproxy.or.*
.*forum.mymaji.co.*
.*multiupload.co.*
^https?:\/\/muouju.co.*
^https?:\/\/muselinks.co.j.*
^https?:\/\/muzi.co.*
^https?:\/\/muzi.ne.*
^https?:\/\/mx981.co.*
.*.my-proxy.co.*
.*forum.my903.co.*
.*myactimes.co.*
^https?:\/\/my-addr.co.*
^https?:\/\/myaudiocast.co.*
.*.myav.com.tw/bb.*
^https?:\/\/bbs.mychat.t.*
^https?:\/\/mychinamyhome.co.*
.*.mychinamyhome.co.*
^https?:\/\/www.mycould.co.*
^https?:\/\/myeclipseide.co.*
.*.myforum.com.h.*
^https?:\/\/myforum.com.h.*
^https?:\/\/myforum.com.u.*
.*.myfreshnet.co.*
^https?:\/\/myparagliding.co.*
^https?:\/\/mypopescu.co.*
.*mysinablog.co.*
.*.myspace.co.*
^https?:\/\/naacoalition.or.*
.*old.nabble.co.*
^https?:\/\/naitik.ne.*
^https?:\/\/namsisi.co.*
.*nanyang.co.*
^https?:\/\/nanyang.co.*
.*.nanyangpost.co.*
^https?:\/\/nanyangpost.co.*
.*.nanzao.co.*
^https?:\/\/jpl.nasa.go.*
^https?:\/\/pds.nasa.go.*
.*/^https?:\/\/[^\/]+line\.naver\.jp.*
^https?:\/\/navicat.co.*
.*.nakido.co.*
^https?:\/\/nakido.co.*
.*.naol.c.*
.*cyberghost.natado.co.*
^https?:\/\/national-lottery.co.u.*
^https?:\/\/navy.mi.*
.*nccwatch.org.t.*
.*.nch.com.t.*
.*.ncn.or.*
^https?:\/\/ncn.or.*
^https?:\/\/etools.ncol.co.*
.*.nde.d.*
.*.ndr.d.*
.*www.ned.or.*
^https?:\/\/nekoslovakia.ne.*
.*t.neolee.c.*
.*netcolony.co.*
.*bolin.netfirms.co.*
.*zh.netlog.co.*
.*netme.c.*
.*networkedblogs.co.*
.*neverforget8964.or.*
.*new-3lunch.ne.*
.*.new-akiba.co.*
.*.newcenturymc.co.*
^http://newcenturymc.co.*
.*newcenturynews.co.*
^https?:\/\/newchen.co.*
.*.newchen.co.*
.*.newgrounds.co.*
.*newlandmagazine.com.a.*
.*news100.com.t.*
.*.newscn.or.*
^https?:\/\/newscn.or.*
^https?:\/\/newsminer.co.*
.*newspeak.cc/stor.*
.*.newsancai.co.*
^https?:\/\/newstapa.or.*
.*.newtaiwan.com.t.*
.*newtalk.t.*
^https?:\/\/newtalk.t.*
.*newyorktimes.co.*
.*.nextmedia.co.*
^https?:\/\/nexton-net.j.*
.*nexttv.com.t.*
^https?:\/\/nga.mi.*
.*ngensis.co.*
.*.nicovideo.jp/watc.*
^https?:\/\/nighost.or.*
.*ninecommentaries.co.*
.*nintendium.co.*
.*taiwanyes.ning.co.*
.*usmgtcg.ning.com/foru.*
^https?:\/\/niusnews.co.*
^https?:\/\/njactb.or.*
.*njuice.co.*
^https?:\/\/njuice.co.*
.*nlfreevpn.co.*
^https?:\/\/nobel.s.*
.*nobelprize.org/nobel_prizes/peace/laureates/201.*
.*nobodycanstop.u.*
^https?:\/\/nobodycanstop.u.*
^https?:\/\/nokogiri.or.*
^https?:\/\/nokola.co.*
.*.norbulingka.or.*
^https?:\/\/novelasia.co.*
^http://news.now.com/home.*
^https?:\/\/nownews.co.*
.*.nowtorrents.co.*
.*.noypf.co.*
^https?:\/\/noypf.co.*
^https?:\/\/npa.go.j.*
.*.nps.go.*
.*.nrk.n.*
^https?:\/\/nrk.n.*
^https?:\/\/nsc.gov.t.*
.*.ntd.t.*
^https?:\/\/ntd.t.*
.*ntdtv.c.*
.*ntdtv.c.*
.*ntdtv.or.*
.*ntdtv.r.*
^https?:\/\/cbs.ntu.edu.t.*
.*.nubiles.ne.*
^https?:\/\/nuexpo.co.*
^https?:\/\/nurgo-software.co.*
.*.nuvid.co.*
.*nuzcom.co.*
.*.nvquan.or.*
.*.nwtca.or.*
^https?:\/\/nyaa.s.*
.*.nydus.c.*
^https?:\/\/nyt.co.*
^https?:\/\/nytco.co.*
.*.nytimes.co.*
^https?:\/\/nytimes.co.*
^https?:\/\/nytimg.co.*
.*nysingtao.co.*
^https?:\/\/nzchinese.net.n.*
.*observechina.ne.*
.*oclp.h.*
^https?:\/\/october-review.or.*
.*offbeatchina.co.*
.*officeoftibet.co.*
^https?:\/\/ogaoga.or.*
.*twtr2src.ogaoga.or.*
.*www2.ohchr.org/english/bodies/cat/docs/ngos/II_China_41.pd.*
.*.oikos.com.tw/v.*
.*.oiktv.co.*
.*oizoblog.co.*
.*.okayfreedom.co.*
.*old-cat.ne.*
^https?:\/\/olumpo.co.*
.*.olympicwatch.or.*
.*omgili.co.*
^https?:\/\/omnitalk.co.*
^https?:\/\/omnitalk.or.*
.*cling.omy.s.*
.*forum.omy.s.*
.*news.omy.s.*
.*showbiz.omy.s.*
^https?:\/\/on.c.*
^https?:\/\/onedrive.live.co.*
^http://www.onion.cit.*
.*.onlylady.c.*
.*onmoon.ne.*
.*onmoon.co.*
^https?:\/\/ontrac.co.*
.*.oopsforum.co.*
.*open.com.h.*
.*opendemocracy.ne.*
.*myopenid.co.*
^https?:\/\/myopenid.co.*
.*openid.ne.*
^https?:\/\/openid.ne.*
^https?:\/\/blog.openinkpot.or.*
.*.openleaks.or.*
^https?:\/\/openleaks.or.*
.*openvpn.ne.*
^https?:\/\/openvpn.ne.*
^https?:\/\/openwebster.co.*
^http://help.opera.co.*
.*my.opera.com/dahem.*
^https?:\/\/demo.opera-mini.ne.*
.*www.orchidbbs.co.*
.*organharvestinvestigation.ne.*
^https?:\/\/orient-doll.co.*
.*orientaldaily.com.m.*
^https?:\/\/orientaldaily.com.m.*
^https?:\/\/orn.j.*
.*t.orzdream.co.*
^https?:\/\/t.orzdream.co.*
.*tui.orzdream.co.*
^https?:\/\/orzistic.or.*
^https?:\/\/osfoora.co.*
^http://www.osmdroid.ne.*
^https?:\/\/ourdearamy.co.*
.*oursogo.co.*
.*oursteps.com.a.*
.*xinqimeng.over-blog.co.*
.*share.ovi.com/medi.*
^http://owl.l.*
^http://ht.l.*
^http://htl.l.*
^http://mash.t.*
.*www.owind.co.*
^http://www.oxid.i.*
.*oyax.co.*
.*.ozchinese.com/bb.*
^https?:\/\/ow.l.*
.*bbs.ozchinese.co.*
.*.ozyoyo.co.*
.*.pacificpoker.co.*
.*.packetix.ne.*
.*.padmanet.co.*
.*page2rss.co.*
^https?:\/\/pagodabox.co.*
^https?:\/\/paint.ne.*
^https?:\/\/coveringweb.co.*
.*.palacemoon.co.*
.*forum.palmislife.co.*
^https?:\/\/eriversoft.co.*
.*paljorpublications.co.*
.*paper.l.*
.*paperb.u.*
.*.panluan.ne.*
^https?:\/\/panluan.ne.*
^https?:\/\/pao-pao.ne.*
.*.parade.com/dictators/200.*
.*.passion.co.*
^https?:\/\/passion.co.*
.*.passiontimes.h.*
.*pastebin.co.*
.*.pastie.or.*
^https?:\/\/pastie.or.*
^https?:\/\/blog.pathtosharepoint.co.*
.*pbs.org/wgbh/pages/frontline/gat.*
.*pbs.org/wgbh/pages/frontline/tankma.*
.*pbs.org/wgbh/pages/frontline/tibe.*
.*pbwiki.co.*
^https?:\/\/pbworks.co.*
^https?:\/\/developers.box.ne.*
^https?:\/\/wiki.oauth.ne.*
^https?:\/\/wiki.phonegap.co.*
^https?:\/\/wiki.jqueryui.co.*
^https?:\/\/pbxes.co.*
^https?:\/\/pbxes.or.*
.*.pcdiscuss.co.*
.*pcdvd.com.t.*
.*.pchome.com.t.*
^http://pcij.org.*
^https?:\/\/pct.org.t.*
.*pdetails.co.*
^https?:\/\/pdproxy.co.*
^https?:\/\/peace.c.*
.*peacefire.or.*
.*peacehall.co.*
^http://pearlher.or.*
.*.peeasian.co.*
.*.pekingduck.or.*
^https?:\/\/pekingduck.or.*
.*penchinese.co.*
^https?:\/\/penchinese.ne.*
.*.penchinese.ne.*
.*pengyulong.co.*
^https?:\/\/blog.pentalogic.ne.*
.*.penthouse.co.*
.*.peopo.or.*
^https?:\/\/peopo.or.*
.*.percy.i.*
.*.perfectgirls.ne.*
.*perfectvpn.ne.*
.*.persecutionblog.co.*
.*phayul.co.*
.*philly.co.*
^https?:\/\/photodharma.ne.*
^https?:\/\/photofocus.co.*
^https?:\/\/phuquocservices.co.*
.*.picidae.ne.*
^https?:\/\/img.+.picturedip.co.*
.*picturesocial.co.*
.*.pin6.co.*
^https?:\/\/pin6.co.*
.*.ping.f.*
^https?:\/\/ping.f.*
^https?:\/\/pinoy-n.co.*
.*.piposay.co.*
.*.piring.co.*
^https?:\/\/pixelqi.co.*
^https?:\/\/css.pixnet.i.*
^https?:\/\/pixnet.ne.*
.*.pixnet.ne.*
.*.pk.co.*
^https?:\/\/placemix.co.*
^http://pictures.playboy.co.*
^https?:\/\/playboy.co.*
^https?:\/\/playpcesor.co.*
.*plays.com.t.*
^https?:\/\/m.plixi.co.*
.*plm.org.h.*
.*plunder.co.*
.*.plus28.co.*
.*.plusbb.co.*
.*.pmates.co.*
^https?:\/\/po2b.co.*
^https?:\/\/podictionary.co.*
.*.pokerstars.co.*
^https?:\/\/pokerstars.co.*
.*zh.pokerstrategy.co.*
.*politicalchina.or.*
.*politicalconsultation.or.*
^https?:\/\/popvote.h.*
.*popyard.co.*
^https?:\/\/popyard.or.*
.*.porn.co.*
.*.porn2.co.*
.*.pornbase.or.*
^https?:\/\/pornhd.co.*
.*.pornhub.co.*
^https?:\/\/pornmm.ne.*
.*.pornoxo.co.*
.*.pornrapidshare.co.*
^https?:\/\/pornrapidshare.co.*
.*.pornstarclub.co.*
.*.porntube.co.*
.*.pornvisit.co.*
.*.portablevpn.n.*
.*.post852.co.*
.*postadult.co.*
^https?:\/\/powercx.co.*
^https?:\/\/www.powerpointninja.co.*
^https?:\/\/cdn.printfriendly.co.*
^https?:\/\/pts.org.t.*
.*pubu.com.t.*
.*puffinbrowser.co.*
.*pureinsight.or.*
^https?:\/\/putty.or.*
^http://post.l.*
.*.posterous.co.*
^http://posterous.co.*
^https?:\/\/post.anyu.or.*
^https?:\/\/bralio.co.*
^https?:\/\/calebelston.co.*
^https?:\/\/designerol.co.*
^https?:\/\/blog.fizzik.co.*
^https?:\/\/nf.id.a.*
^https?:\/\/markmilian.co.*
^https?:\/\/log.riku.m.*
^https?:\/\/sogrady.m.*
^https?:\/\/vatn.or.*
^https?:\/\/veempiire.co.*
^https?:\/\/www.vegorpedersen.co.*
^https?:\/\/ventureswell.co.*
^https?:\/\/webfee.t.*
^https?:\/\/whereiswerner.co.*
^https?:\/\/bill.zhong.pp.r.*
.*.power.co.*
^https?:\/\/power.co.*
.*powerapple.co.*
^https?:\/\/abc.pp.r.*
.*heix.pp.r.*
^https?:\/\/prayforchina.ne.*
^https?:\/\/premeforwindows7.co.*
^https?:\/\/presentationzen.co.*
^https?:\/\/prestige-av.co.*
.*prisoner-state-secret-journal-premie.*
.*.prisoneralert.co.*
^https?:\/\/pritunl.co.*
^https?:\/\/privacybox.d.*
^https?:\/\/privateinternetaccess.co.*
.*privatepaste.co.*
^https?:\/\/privatepaste.co.*
.*privatetunnel.co.*
^https?:\/\/privatetunnel.co.*
^https?:\/\/procopytips.co.*
.*provideocoalition.co.*
^https?:\/\/prosiben.d.*
.*proxifier.co.*
.*api.proxlet.co.*
^https?:\/\/proxomitron.inf.*
.*proxy.or.*
.*.proxypy.ne.*
^https?:\/\/proxypy.ne.*
.*proxyroad.co.*
.*prozz.ne.*
.*psblog.nam.*
^https?:\/\/psblog.nam.*
.*.ptt.c.*
.*.puffstore.co.*
^https?:\/\/pullfolio.co.*
^https?:\/\/pureconcepts.ne.*
^https?:\/\/purepdf.co.*
^https?:\/\/purevpn.co.*
.*.putlocker.com/fil.*
.*pwned.co.*
.*python.co.*
.*.python.com.t.*
^http://python.com.t.*
.*.qanote.co.*
^https?:\/\/qanote.co.*
.*qi-gong.m.*
.*.qidian.c.*
.*.qienkuen.or.*
^https?:\/\/qienkuen.or.*
^https?:\/\/qiwen.l.*
.*qixianglu.c.*
.*bbs.qmzdd.co.*
.*.qkshare.co.*
.*qoos.co.*
^https?:\/\/qoos.co.*
.*blog.qooza.hk.+dafengqix.*
^https?:\/\/efksoft.co.*
^https?:\/\/qstatus.co.*
^https?:\/\/qtweeter.co.*
^https?:\/\/qtrac.e.*
^https?:\/\/quitccp.ne.*
.*.quitccp.ne.*
^https?:\/\/quitccp.or.*
.*.quitccp.or.*
^http://quran.co.*
.*qusi8.ne.*
.*.qvodzy.or.*
.*nemesis2.qx.net.+pages.+MyEnTunne.*
.*qxbbs.or.*
.*.radicalparty.or.*
.*radioaustralia.net.a.*
.*.radiohilight.ne.*
^https?:\/\/radiohilight.ne.*
.*opml.radiotime.co.*
^https?:\/\/radiovaticana.or.*
^https?:\/\/radiovncr.co.*
^https?:\/\/raidcall.com.t.*
.*.raidtalk.com.t.*
.*rangzen.co.*
.*rangzen.ne.*
.*rangzen.or.*
^http://blog.ranxiang.com.*
.*ranyunfei.co.*
^https?:\/\/ranyunfei.co.*
.*.rapbull.ne.*
^http://rapidgator.net.*
^https?:\/\/rapidshare8.co.*
.*.rapidsharedata.co.*
.*rcinet.c.*
.*.read100.co.*
.*.readingtimes.com.t.*
^https?:\/\/readingtimes.com.t.*
^https?:\/\/readmoo.co.*
.*.realcourage.or.*
.*.realraptalk.co.*
.*.recordhistory.or.*
.*redchinacn.or.*
.*.redtube.co.*
.*referer.u.*
^https?:\/\/referer.u.*
^https?:\/\/reflectivecode.co.*
.*relaxbbs.co.*
.*.releaseinternational.or.*
.*religioustolerance.or.*
.*renminbao.co.*
.*.renyurenquan.or.*
^https?:\/\/renyurenquan.or.*
^http://certificate.revocationcheck.co.*
.*subacme.rerouted.or.*
.*.reuters.co.*
.*.revleft.co.*
.*retweetist.co.*
^https?:\/\/retweetrank.co.*
.*revver.co.*
.*.rfa.or.*
^http://rfa.or.*
.*.rfachina.co.*
.*.rfamobile.or.*
^https?:\/\/rferl.or.*
.*.rfi.f.*
^https?:\/\/rfi.f.*
^http://rfi.my.*
.*.rhcloud.co.*
^http://vds.rightster.com.*
.*.rileyguide.co.*
.*riku.me.*
.*.ritouki.j.*
.*.rlwlw.co.*
^https?:\/\/rlwlw.co.*
.*.rmjdw.co.*
.*chinese.rnw.n.*
.*.rnw.n.*
.*robtex.co.*
^https?:\/\/robustnessiskey.co.*
^http://www2.rocketbbs.com/11/bbs.cgi?id=5mu.*
^http://www2.rocketbbs.com/11/bbs.cgi?id=freemg.*
^https?:\/\/rocmp.or.*
^https?:\/\/rojo.co.*
^https?:\/\/ronjoneswriter.co.*
.*.roodo.co.*
.*.rosechina.ne.*
.*.rotten.co.*
.*.rsf.or.*
^https?:\/\/rsf.or.*
.*.rsf-chinese.or.*
^https?:\/\/rsf-chinese.or.*
.*.rssmeme.co.*
^https?:\/\/rssmeme.co.*
.*.rthk.h.*
^http://rthk.h.*
.*.rthk.org.h.*
^http://rthk.org.h.*
.*rti.org.t.*
.*.ruanyifeng.com/blog.+some_ways_to_break_the_great_firewal.*
.*.rushbee.co.*
.*rutube.r.*
.*.ruyiseek.co.*
.*.rxhj.ne.*
^http://rxhj.ne.*
^https?:\/\/s-cute.co.*
.*.s-dragon.or.*
^https?:\/\/s1heng.co.*
^http://www.s4miniarchive.co.*
^https?:\/\/s8forum.co.*
.*sacom.h.*
^https?:\/\/sacom.h.*
^https?:\/\/sadpanda.u.*
.*.saiq.m.*
^https?:\/\/saiq.m.*
^https?:\/\/sakuralive.co.*
.*.salvation.org.h.*
^https?:\/\/salvation.org.h.*
.*.samair.ru/proxy/type-0.*
.*.sambhota.or.*
.*sammyjs.or.*
^https?:\/\/sankaizok.co.*
.*.sanmin.com.t.*
.*sapikachu.ne.*
.*savemedia.co.*
.*savetibet.d.*
.*savetibet.f.*
.*savetibet.n.*
.*savetibet.or.*
.*savetibet.r.*
.*savevid.co.*
^https?:\/\/say2.inf.*
^http://www.sciencemag.org/content/344/6187/95.*
.*.scmp.co.*
.*.scmpchinese.co.*
.*.scribd.co.*
^https?:\/\/scriptspot.co.*
.*seapuff.co.*
.*domainhelp.search.co.*
.*secretchina.co.*
^https?:\/\/secretgarden.n.*
^https?:\/\/default.secureserver.ne.*
.*securitykiss.co.*
.*seesmic.co.*
^https?:\/\/seevpn.co.*
^https?:\/\/seezone.ne.*
.*sejie.co.*
.*.sendspace.co.*
^http://tweets.seraph.me.*
.*sesawe.ne.*
^https?:\/\/sesawe.ne.*
.*.sesawe.or.*
^https?:\/\/sethwklein.ne.*
.*forum.setty.com.t.*
.*.sevenload.co.*
^https?:\/\/sevenload.co.*
.*.sex.co.*
.*.sex-11.co.*
^https?:\/\/sex3.co.*
^https?:\/\/sex8.c.*
.*.sexandsubmission.co.*
.*.sexhu.co.*
.*.sexhuang.co.*
.*sexinsex.ne.*
^https?:\/\/sexinsex.ne.*
.*67.220.91.1.*
.*67.220.91.2.*
^http://.+.sf.ne.*
.*.sfileydy.co.*
.*.sftuk.or.*
^https?:\/\/sftuk.or.*
.*shadow.m.*
^https?:\/\/shadowsocks.or.*
.*shahamat-english.co.*
.*.shangfang.or.*
^https?:\/\/shangfang.or.*
.*shapeservices.co.*
.*.sharebee.co.*
^https?:\/\/sharecool.or.*
^https?:\/\/sharkdolphin.co.*
.*sharpdaily.com.h.*
^https?:\/\/sharpdaily.com.h.*
.*.sharpdaily.h.*
.*.shat-tibet.co.*
.*.shaunthesheep.co.*
^https?:\/\/shaunthesheep.co.*
.*sheikyermami.co.*
^https?:\/\/shellmix.co.*
.*shenshou.or.*
.*shenyun.co.*
.*shenyunperformingarts.or.*
.*shenzhoufilm.co.*
^https?:\/\/shenzhoufilm.co.*
.*shinychan.co.*
.*.shitaotv.or.*
^https?:\/\/shixiao.or.*
^https?:\/\/shizhao.or.*
.*.shizhao.or.*
.*shkspr.mobi/dab.*
^https?:\/\/shodanhq.co.*
.*.shopping.co.*
.*.showtime.j.*
.*ch.shvoong.co.*
.*.shwchurch3.co.*
^http://shwchurch3.co.*
^https?:\/\/sidelinesnews.co.*
.*.sidelinessportseatery.co.*
.*simplecd.or.*
^https?:\/\/simplecd.or.*
.*simpleproductivityblog.co.*
.*bbs.sina.com.*
.*bbs.sina.com%2.*
.*blog.sina.com.t.*
.*dailynews.sina.com.*
.*dailynews.sina.com%2.*
.*forum.sina.com.h.*
.*home.sina.co.*
^https?:\/\/magazines.sina.com.t.*
.*news.sina.com.h.*
.*news.sina.com.t.*
^http://news.sinchew.com.m.*
.*.singaporepools.com.s.*
^https?:\/\/singaporepools.com.s.*
.*singtao.co.*
^https?:\/\/singtao.co.*
.*news.singtao.c.*
^https?:\/\/cdp.sinica.edu.t.*
.*sino-monthly.co.*
^https?:\/\/sinocast.co.*
.*sinocism.co.*
.*sinomontreal.c.*
.*.sinonet.c.*
.*.sinopitt.inf.*
.*.sinoants.co.*
^https?:\/\/sinoants.co.*
.*sinoquebec.co.*
^https?:\/\/site90.ne.*
.*.sitebro.t.*
^https?:\/\/sitekreator.co.*
^https?:\/\/siteks.uk.t.*
^https?:\/\/sitemaps.or.*
.*sitetag.u.*
.*sis.xx.*
^https?:\/\/sis001.co.*
.*sis001.u.*
^https?:\/\/sjum.cn.*
^https?:\/\/skimtube.co.*
^https?:\/\/skybet.co.*
^http://users.skynet.be/reves/tibethome.htm.*
^http://skyhighpremium.com.*
.*bbs.skykiwi.co.*
^http://www.skype.com/intl.*
^http://www.skype.com/zh-Han.*
^https?:\/\/skyvegas.co.*
.*.xskywalker.co.*
^https?:\/\/xskywalker.co.*
.*m.slandr.ne.*
^https?:\/\/slavasoft.co.*
^https?:\/\/slheng.co.*
.*.slideshare.ne.*
.*forum.slime.com.t.*
.*.slutload.co.*
.*smhric.or.*
^https?:\/\/sndcdn.co.*
^https?:\/\/so-ga.ne.*
.*.so-ga.ne.*
^https?:\/\/so-news.co.*
.*.so-news.co.*
.*home.so-net.net.tw/yisa_tsa.*
^https?:\/\/soc.mil.*
^https?:\/\/sockslist.ne.*
.*.sod.co.j.*
.*.softether.or.*
^https?:\/\/softether.or.*
.*.softether-download.co.*
^https?:\/\/softether-download.co.*
^https?:\/\/cdn.softlayer.ne.*
^https?:\/\/sogclub.co.*
.*sohcradio.co.*
^https?:\/\/sohcradio.co.*
^https?:\/\/www.somee.co.*
^https?:\/\/sorting-algorithms.co.*
.*.soumo.inf.*
^https?:\/\/soup.io.*
.*.slinkset.co.*
^https?:\/\/slickvpn.co.*
^https?:\/\/snapchat.co.*
.*.snaptu.co.*
^https?:\/\/snaptu.co.*
.*sneakme.ne.*
^https?:\/\/snooper.co.u.*
.*snowlionpub.co.*
.*.sobees.co.*
^https?:\/\/sobees.co.*
.*socialwhale.co.*
.*.softether.co.j.*
^https?:\/\/softwarebychuck.co.*
.*blog.sogoo.or.*
.*soh.t.*
^https?:\/\/soh.t.*
.*sohfrance.or.*
^https?:\/\/sohfrance.or.*
.*chinese.soifind.co.*
.*sokamonline.co.*
^https?:\/\/somee.co.*
.*.songjianjun.co.*
^https?:\/\/songjianjun.co.*
.*.sonidodelaesperanza.or.*
.*.sopcast.co.*
.*.sopcast.or.*
^http://bbs.soul-plus.ne.*
^https?:\/\/soundcloud.co.*
.*.soundofhope.k.*
.*soundofhope.or.*
^https?:\/\/soundofhope.or.*
^https?:\/\/soupofmedia.co.*
.*.sourceforge.ne.*
^http://sourceforge.net/p.+/shadowsocksgui.*
.*southnews.com.t.*
.*sowers.org.h.*
^https?:\/\/wlx.sowiki.ne.*
^https?:\/\/space-scape.co.*
^https?:\/\/spankbang.co.*
.*.spankwire.co.*
^https?:\/\/spb.co.*
^https?:\/\/spencertipping.co.*
.*spinejs.co.*
^https?:\/\/sproutcore.co.*
.*squarespace.co.*
^https?:\/\/ssh91.co.*
.*www.stackfile.com/freedu.*
^https?:\/\/standupfortibet.or.*
.*stanford.edu/group/falu.*
.*usinfo.state.go.*
.*.starp2p.co.*
^https?:\/\/starp2p.co.*
^https?:\/\/startpage.co.*
.*.state168.co.*
^https?:\/\/steel-storm.co.*
^https?:\/\/stepmania.co.*
.*sthoo.co.*
^https?:\/\/sthoo.co.*
.*.stickam.co.*
.*stickeraction.com/sesaw.*
^https?:\/\/stoneip.inf.*
^https?:\/\/storagenewsletter.co.*
.*.stoptibetcrisis.ne.*
^https?:\/\/stoptibetcrisis.ne.*
^https?:\/\/storify.co.*
^https?:\/\/stoweboyd.co.*
^https?:\/\/streamingthe.ne.*
.*cn.streetvoice.com/articl.*
.*cn.streetvoice.com/diar.*
.*cn2.streetvoice.co.*
.*tw.streetvoice.co.*
^https?:\/\/strongvpn.co.*
.*.student.tw/d.*
^https?:\/\/studentsforafreetibet.or.*
^https?:\/\/stumbleupon.co.*
.*stupidvideos.co.*
.*.sugarsync.co.*
^https?:\/\/sugarsync.co.*
.*summify.co.*
.*sun1911.co.*
.*.sunporno.co.*
^https?:\/\/sunporno.co.*
.*.suyangg.co.*
^http://suyangg.com.*
.*.suoluo.or.*
.*api.supertweet.ne.*
.*www.supertweet.ne.*
.*.surfeasy.com.a.*
^https?:\/\/surrenderat20.ne.*
^https?:\/\/svwind.co.*
^https?:\/\/sweux.co.*
^https?:\/\/swift-tools.ne.*
.*.sydneytoday.co.*
.*.sylfoundation.or.*
^https?:\/\/syncback.co.*
^https?:\/\/sysadmin1138.ne.*
.*sysresccd.or.*
.*.sytes.ne.*
.*blog.syx86.com/2009/09/puf.*
.*blog.syx86.cn/2009/09/puf.*
.*.szbbs.ne.*
^https?:\/\/szetowah.org.h.*
.*.t35.co.*
.*.t66y.co.*
^https?:\/\/t66y.co.*
^https?:\/\/t88.c.*
.*.taa-usa.or.*
^http://taa-usa.or.*
^http://www.tablesgenerator.com.*
.*tabtter.j.*
.*.tacem.or.*
^https?:\/\/tafaward.co.*
.*tagwalk.co.*
^https?:\/\/tagwalk.co.*
.*tahr.org.t.*
.*taipei.gov.t.*
.*.taipeisociety.or.*
^https?:\/\/taipeisociety.or.*
.*.taiwandaily.ne.*
^https?:\/\/taiwantt.org.t.*
^https?:\/\/taiwandaily.ne.*
.*taiwankiss.co.*
.*taiwannation.co.*
.*taiwannation.com.t.*
^https?:\/\/taiwannews.com.t.*
^http://www.taiwanonline.cc.*
.*taiwantp.ne.*
.*taiwanus.ne.*
.*taiwanyes.co.*
.*taiwan-sex.co.*
.*.talk853.co.*
.*.talkboxapp.co.*
^https?:\/\/talkboxapp.co.*
^https?:\/\/tamiaode.t.*
^https?:\/\/tanc.or.*
.*tangben.co.*
.*.taolun.inf.*
^https?:\/\/taolun.inf.*
.*blog.taragana.co.*
^https?:\/\/taup.ne.*
^http://www.taup.org.t.*
.*.taweet.co.*
^https?:\/\/taweet.co.*
^https?:\/\/tbpic.inf.*
^https?:\/\/tbsec.or.*
^https?:\/\/tbsn.or.*
.*.tbsseattle.or.*
.*.tccwonline.or.*
.*.tcewf.or.*
.*tchrd.or.*
^https?:\/\/techlifeweb.co.*
^https?:\/\/techparaiso.co.*
^https?:\/\/teck.i.*
.*teensinasia.co.*
.*.telecomspace.co.*
^https?:\/\/telegram.or.*
^https?:\/\/telegraph.co.u.*
.*.tenacy.co.*
.*.tew.or.*
^https?:\/\/theatrum-belli.co.*
^https?:\/\/thebodyshop-usa.co.*
.*theblemish.co.*
^https?:\/\/thebcomplex.co.*
^https?:\/\/thebobs.co.*
.*.thechinabeat.or.*
^http://www.thechinastory.org/yearbooks/yearbook-2012.*
^https?:\/\/thedieline.co.*
^https?:\/\/thedw.u.*
.*thefrontier.hk/t.*
^http://thegioitinhoc.vn.*
.*.thehots.inf.*
.*thehousenews.co.*
^https?:\/\/thehun.ne.*
^https?:\/\/thelifeyoucansave.co.*
.*.thenewslens.co.*
.*thepiratebay.or.*
.*thereallove.k.*
^https?:\/\/thesartorialist.co.*
.*thespeeder.co.*
^https?:\/\/thestandnews.co.*
.*thetibetconnection.or.*
.*.thetibetmuseum.or.*
^https?:\/\/thetibetpost.co.*
.*thetrotskymovie.com.*
.*thevivekspot.co.*
^https?:\/\/thewgo.or.*
.*.thinkingtaiwan.co.*
.*.thisav.co.*
^http://thisav.co.*
^https?:\/\/thomasbernhard.or.*
.*threatchaos.co.*
^https?:\/\/throughnightsfire.co.*
.*.thumbzilla.co.*
^https?:\/\/thywords.co.*
.*tiananmenmother.or.*
^https?:\/\/tiananmenuniv.co.*
^https?:\/\/tiananmenuniv.ne.*
^https?:\/\/tiandixing.or.*
.*.tianhuayuan.co.*
.*.tianlawoffice.co.*
.*tiantibooks.or.*
.*.tianzhu.or.*
.*.tibet.a.*
.*tibet.c.*
.*.tibet.co.*
^https?:\/\/tibet.co.*
.*tibet.f.*
.*.tibet.ne.*
^https?:\/\/tibet.ne.*
.*tibet.n.*
.*.tibet.or.*
^https?:\/\/tibet.or.*
.*tibet.org.t.*
.*.tibet-foundation.or.*
.*.tibet-house-trust.co.u.*
.*tibet-info.ne.*
.*tibet-initiative.d.*
^https?:\/\/tibet-initiative.d.*
.*.tibet-munich.d.*
.*.tibetaid.or.*
.*tibetalk.co.*
.*tibetan-alliance.or.*
.*.tibetanarts.or.*
.*.tibetcollection.co.*
.*tibetanculture.or.*
.*.tibetanpaintings.co.*
.*.tibetanphotoproject.co.*
.*.tibetanwomen.or.*
^http://tibetanwomen.or.*
.*.tibetanyouthcongress.or.*
^https?:\/\/tibetanyouthcongress.or.*
.*.tibetcharity.d.*
.*tibetcharity.i.*
.*.tibetcity.co.*
.*.tibetcorps.or.*
.*tibetfocus.co.*
.*tibetfund.or.*
.*tibethouse.j.*
.*tibethouse.or.*
^https?:\/\/tibethouse.u.*
.*tibettimes.ne.*
.*.tibetjustice.or.*
^http://tibetmuseum.or.*
.*tibetnetwork.or.*
^https?:\/\/tibetnetwork.or.*
.*.tibetoffice.c.*
^http://tibetoffice.c.*
.*tibetoffice.or.*
.*tibetonline.co.*
^https?:\/\/tibetonline.co.*
.*.tibetoffice.com.a.*
^http://tibetoffice.com.a.*
^https?:\/\/tibetonline.t.*
.*.tibetonline.t.*
.*.tibetoralhistory.or.*
.*.tibetrelieffund.co.u.*
.*tibetsites.co.*
.*.tibetsun.co.*
^https?:\/\/tibetwrites.or.*
.*.time.com/time/time100/leaders/profile/rebe.*
.*.time.com/time/specials/packages/article/0,2880.*
.*.time.com/time/magazin.*
^https?:\/\/blog.tiney.co.*
.*tinychat.co.*
^https?:\/\/tinypaste.co.*
.*.tistory.co.*
^https?:\/\/tkcs-collins.co.*
^https?:\/\/tkforum.t.*
.*.tmagazine.co.*
^https?:\/\/tmagazine.co.*
^http://tmi.m.*
.*.tnaflix.co.*
^https?:\/\/tnaflix.co.*
.*.tnp.or.*
^http://tnp.or.*
.*togetter.co.*
.*.tokyo-247.co.*
.*tokyo-hot.co.*
^https?:\/\/tokyocn.co.*
.*.tono-oka.j.*
.*tonyyan.ne.*
.*.toodoc.co.*
.*toonel.ne.*
.*.topnews.i.*
^https?:\/\/topshare.u.*
.*.topshareware.co.*
^https?:\/\/topstyle4.co.*
^https?:\/\/topsy.co.*
.*.topsy.co.*
^https?:\/\/toptip.c.*
.*tora.t.*
.*.torproject.or.*
^https?:\/\/torproject.or.*
.*torrentcrazy.co.*
^https?:\/\/torrentcrazy.co.*
^https?:\/\/torrentproject.s.*
^https?:\/\/torrentz.e.*
^https?:\/\/torvpn.co.*
.*touch99.co.*
^https?:\/\/toutfr.co.*
.*.tpi.org.t.*
^https?:\/\/tpi.org.t.*
^https?:\/\/transgressionism.or.*
^https?:\/\/transparency.or.*
^https?:\/\/travelinlocal.co.*
^https?:\/\/treemall.com.t.*
.*trendsmap.co.*
^https?:\/\/trendsmap.co.*
.*.trialofccp.or.*
^https?:\/\/trialofccp.or.*
^https?:\/\/tripod.co.*
.*.trouw.n.*
.*.trt.net.t.*
.*trtc.com.t.*
.*trulyergonomic.co.*
^https?:\/\/trustedbi.co.*
.*.truth101.co.t.*
^http://truth101.co.t.*
^https?:\/\/truthcn.co.*
.*.truveo.co.*
.*.tsemtulku.co.*
.*tsquare.t.*
^http://www.tsu.org.t.*
.*tsunagarumon.co.*
^http://www.tsuru-bird.net.*
.*.tsctv.ne.*
^https?:\/\/tt-rss.or.*
^https?:\/\/tt1069.co.*
^https?:\/\/tttan.co.*
.*.tttan.co.*
.*bb.ttv.com.tw/b.*
.*tu8964.co.*
.*.tuanzt.co.*
.*.tube.co.*
.*tube8.co.*
^https?:\/\/tube8.co.*
.*.tube911.co.*
^https?:\/\/tube911.co.*
.*tubecao.co.*
^https?:\/\/tubewolf.co.*
.*tuidang.ne.*
.*tuidang.or.*
.*bbs.tuitui.inf.*
^https?:\/\/tumutanzi.co.*
.*.tunein.co.*
^http://tunein.co.*
^https?:\/\/tunnelbear.co.*
.*.tuo8.h.*
.*.tuo8.or.*
^https?:\/\/tuo8.or.*
.*.turbobit.ne.*
^http://turbobit.ne.*
^https?:\/\/turningtorso.co.*
^https?:\/\/tuxtraining.co.*
^http://tuzaijidi.co.*
^http://.+.tuzaijidi.co.*
.*.tw01.or.*
^http://tw01.or.*
^https?:\/\/301works.or.*
^https?:\/\/365singles.com.a.*
^https?:\/\/all-that-is-interesting.co.*
^https?:\/\/art-or-porn.co.*
^https?:\/\/news.atebits.co.*
^https?:\/\/tumblr.awflasher.co.*
^https?:\/\/badassjs.co.*
^https?:\/\/basetimesheightdividedby2.co.*
^https?:\/\/benjaminste.i.*
^https?:\/\/blog.birdhouseapp.co.*
^https?:\/\/bobulate.co.*
^https?:\/\/bonjourlesgeeks.co.*
^https?:\/\/bookshelfporn.co.*
^https?:\/\/blog.boxcar.i.*
^https?:\/\/blog.bitly.co.*
^https?:\/\/chevronwp7.co.*
^https?:\/\/clientsfromhell.ne.*
^https?:\/\/codeboxapp.co.*
^https?:\/\/cookingtothegoodlife.co.*
^https?:\/\/cubicle17.co.*
^https?:\/\/photos.dailyme.co.*
^https?:\/\/davidslog.co.*
^https?:\/\/blog.davidziegler.ne.*
^https?:\/\/blog.dayoneapp.co.*
^https?:\/\/drewolanoff.co.*
^https?:\/\/blog.dribbble.co.*
^https?:\/\/chaos.e-spacy.co.*
^https?:\/\/eamonnbrennan.co.*
^https?:\/\/everyday-carry.co.*
^https?:\/\/eyespirit.inf.*
^https?:\/\/life.fly4ever.m.*
^https?:\/\/fredwilson.v.*
^https?:\/\/fuckgfw.co.*
^https?:\/\/geekmade.co.u.*
^https?:\/\/generesis.co.*
^https?:\/\/news.ghostery.co.*
^https?:\/\/givemesomethingtoread.co.*
^https?:\/\/blog.gowalla.co.*
^https?:\/\/heiyo.inf.*
^https?:\/\/hellonewyork.u.*
^https?:\/\/blog.hotpotato.co.*
^https?:\/\/ialmostlaugh.co.*
^https?:\/\/blog.ifttt.co.*
^https?:\/\/blog.instagram.co.*
^https?:\/\/blog.instapaper.co.*
^https?:\/\/interestinglaugh.co.*
^https?:\/\/blog.iphone-dev.or.*
^https?:\/\/jayparkinsonmd.co.*
^https?:\/\/blog.joeyrobert.or.*
^https?:\/\/kt.kcome.or.*
^https?:\/\/my.keso.c.*
^https?:\/\/blog.kickstarter.co.*
^https?:\/\/blog.kl.a.*
^https?:\/\/blog.klip.m.*
^https?:\/\/t.kun.i.*
^https?:\/\/blog.lightbox.co.*
^https?:\/\/littlebigdetails.co.*
^https?:\/\/lovequicksilver.co.*
^https?:\/\/lyricsquote.co.*
^https?:\/\/madmenunbuttoned.co.*
^https?:\/\/marco.or.*
^https?:\/\/minimalmac.co.*
^https?:\/\/mixedmedialabs.co.*
^https?:\/\/modfetish.co.*
^https?:\/\/blog.mongodb.or.*
^https?:\/\/navigeaters.co.*
^https?:\/\/london.neighborhoodr.co.*
^https?:\/\/blog.path.co.*
^https?:\/\/parislemon.co.*
^https?:\/\/blog.pikchur.co.*
^https?:\/\/blog.rockmelt.co.*
^https?:\/\/blog.romanandreg.co.*
^https?:\/\/solozorro.t.*
^https?:\/\/blog.sparrowmailapp.co.*
^https?:\/\/stuffimreading.co.*
^https?:\/\/blog.summify.co.*
^https?:\/\/thedailywh.a.*
^https?:\/\/theinternetwishlist.co.*
^https?:\/\/thisiswhyyouarefat.co.*
^https?:\/\/www.tiffanyarment.co.*
^https?:\/\/tjholowaychuk.co.*
^https?:\/\/tomsc.co.*
^https?:\/\/blog.topify.co.*
^https?:\/\/thehungrydudes.co.*
^https?:\/\/tumblweed.or.*
^https?:\/\/status.twhirl.or.*
^https?:\/\/blog.usa.go.*
^https?:\/\/photo.utom.u.*
^https?:\/\/v-state.or.*
^https?:\/\/wellplacedpixels.co.*
^https?:\/\/whydidyoubuymethat.co.*
^https?:\/\/wordboner.co.*
^https?:\/\/wordsandturds.co.*
^https?:\/\/worstthingieverate.co.*
^https?:\/\/xmusic.f.*
^https?:\/\/xuzhuoer.co.*
^https?:\/\/bd.zhe.l.*
^https?:\/\/cocoa.zonble.ne.*
.*.tv.co.*
^https?:\/\/www.tv.co.*
^http://tv.co.*
^https?:\/\/tv-intros.co.*
.*tvants.co.*
.*forum.tvb.com.*
.*tvboxnow.co.*
.*tvider.co.*
^https?:\/\/tvunetworks.co.*
.*.tw-npo.or.*
.*twapperkeeper.co.*
^https?:\/\/twapperkeeper.co.*
^https?:\/\/twaud.i.*
.*.twaud.i.*
.*.twbbs.net.t.*
.*twbbs.or.*
.*twbbs.t.*
^https?:\/\/twblogger.co.*
.*tweepmag.co.*
.*.tweepml.or.*
^https?:\/\/tweepml.or.*
.*.tweetbackup.co.*
^https?:\/\/tweetbackup.co.*
.*tweetboard.co.*
^https?:\/\/tweetboard.co.*
.*.tweetboner.bi.*
^https?:\/\/tweetboner.bi.*
.*.tweetdeck.co.*
^https?:\/\/tweetdeck.co.*
^http://deck.l.*
^https?:\/\/mtw.t.*
^https?:\/\/tweetedtimes.co.*
^https?:\/\/tweetmylast.f.*
.*tweetphoto.co.*
^https?:\/\/tweetphoto.co.*
^https?:\/\/tweetrans.co.*
.*tweetree.co.*
^https?:\/\/tweetree.co.*
^https?:\/\/tweetwally.co.*
.*tweetymail.co.*
^https?:\/\/twftp.or.*
.*twibase.co.*
.*.twibble.d.*
^https?:\/\/twibble.d.*
.*twibbon.co.*
^https?:\/\/twibs.co.*
.*twicsy.co.*
.*.twifan.co.*
^http://twifan.co.*
.*twiffo.co.*
^https?:\/\/twiffo.co.*
.*twilog.or.*
.*twimbow.co.*
^https?:\/\/twimbow.co.*
^https?:\/\/twindexx.co.*
.*twipple.j.*
^https?:\/\/twipple.j.*
^https?:\/\/twip.me.*
.*twistar.c.*
^https?:\/\/twister.net.c.*
^https?:\/\/twisterio.co.*
.*twisternow.co.*
.*twistory.ne.*
.*twitbrowser.ne.*
^https?:\/\/twitcause.co.*
^https?:\/\/twitgether.co.*
^https?:\/\/twiggit.or.*
.*twitgoo.co.*
.*twitiq.co.*
^https?:\/\/twitiq.co.*
.*.twitlonger.co.*
^https?:\/\/twitlonger.co.*
^http://tl.gd.*
.*twitoaster.co.*
^https?:\/\/twitoaster.co.*
^https?:\/\/twitonmsn.co.*
.*.twitpic.co.*
^https?:\/\/twitpic.co.*
.*.twit2d.co.*
^https?:\/\/twit2d.co.*
.*.twitstat.co.*
^https?:\/\/twitstat.co.*
^https?:\/\/firstfivefollowers.co.*
^https?:\/\/retweeteffect.co.*
^https?:\/\/tweeplike.m.*
^https?:\/\/tweepguide.co.*
^https?:\/\/turbotwitter.co.*
.*.twitvid.co.*
^https?:\/\/twitvid.co.*
.*199.59.148.2.*
^https?:\/\/t.c.*
.*.t.c.*
^http://twt.t.*
.*twittbot.ne.*
.*twitter.co.*
^https?:\/\/twitter.co.*
^https?:\/\/twitter.j.*
^https?:\/\/twttr.co.*
.*/^https?:\/\/[^\/]+twitter\.com.*
^https?:\/\/twitter4j.or.*
.*.twittercounter.co.*
^https?:\/\/twittercounter.co.*
.*twitterfeed.co.*
.*.twittergadget.co.*
^https?:\/\/twittergadget.co.*
.*.twitterkr.co.*
^https?:\/\/twitterkr.co.*
^https?:\/\/twittermail.co.*
.*twittertim.e.*
^https?:\/\/twittertim.e.*
.*twitthat.co.*
^https?:\/\/twitturk.co.*
.*.twitturly.co.*
^https?:\/\/twitturly.co.*
.*.twitzap.co.*
.*twiyia.co.*
^https?:\/\/twstar.ne.*
.*.twtkr.co.*
^http://twtkr.co.*
^https?:\/\/twimg.co.*
.*twtrland.co.*
.*twurl.n.*
.*.twyac.or.*
^https?:\/\/twyac.or.*
.*.tycool.co.*
^https?:\/\/tycool.co.*
^https?:\/\/tzangms.co.*
^https?:\/\/typepad.co.*
^https?:\/\/blog.expofutures.co.*
^https?:\/\/legaltech.law.co.*
^https?:\/\/latimesblogs.latimes.co.*
^https?:\/\/blog.palm.co.*
^https?:\/\/blogs.tampabay.co.*
^https?:\/\/contests.twilio.co.*
.*embr.i.*
^https?:\/\/embr.i.*
.*guomin.us/logi.*
^https?:\/\/uberproxy.ne.*
.*.srcf.ucam.org/salon.*
^https?:\/\/ucdc1998.or.*
^http://hum.+.uchicago.edu/faculty/ywang/histor.*
^https?:\/\/uderzo.i.*
^https?:\/\/udn.co.*
.*.udn.co.*
^https?:\/\/uforadio.com.t.*
.*ufreevpn.co.*
.*.ugo.co.*
^https?:\/\/uhrp.or.*
.*.uighur.n.*
^https?:\/\/uighur.n.*
.*uighurbiz.ne.*
.*.ulike.ne.*
.*ukliferadio.co.u.*
^https?:\/\/ukliferadio.co.u.*
.*ultravpn.f.*
^https?:\/\/ultravpn.f.*
.*ultraxs.co.*
.*umich.edu/~falu.*
^https?:\/\/unblock.cn.co.*
^https?:\/\/unblocksit.e.*
.*uncyclomedia.or.*
.*uncyclopedia.inf.*
^http://uncyclopedia.t.*
^https?:\/\/unholyknight.co.*
.*.uni.c.*
.*unicode.or.*
.*.unification.org.t.*
.*.uniteddaily.com.my/index.php.*
.*.unix100.co.*
^https?:\/\/unknownspace.or.*
.*unpo.or.*
^https?:\/\/uocn.or.*
.*tor.updatestar.co.*
.*.upholdjustice.or.*
.*.upload4u.inf.*
^http://uploaded.net/file.*
.*.uploaded.to/fil.*
^http://uploaded.to/fil.*
.*.uploadstation.com/fil.*
.*.upwill.or.*
.*www.urbanoutfitters.co.*
.*myshare.url.com.tw.*
^https?:\/\/urlborg.co.*
^https?:\/\/urlparser.co.*
.*us.t.*
^https?:\/\/usacn.co.*
.*beta.usejump.co.*
^https?:\/\/usfk.mi.*
^https?:\/\/usma.ed.*
^https?:\/\/usmc.mi.*
^http://tarr.uspto.gov.*
^https?:\/\/tsdr.uspto.go.*
.*.ustream.t.*
^https?:\/\/ustream.t.*
^https?:\/\/ustwrap.inf.*
.*usus.c.*
.*.uwants.co.*
.*.uwants.ne.*
^http://uyghur-j.or.*
^https?:\/\/uyghuramerican.or.*
.*.uyghurcanadiansociety.or.*
.*.uyghurensemble.co.u.*
^https?:\/\/uyghurcongress.or.*
.*.uyghurpen.or.*
.*.uyghurpress.co.*
.*uygur.or.*
^http://uymaarip.com.*
^https?:\/\/vaayoo.co.*
.*.van698.co.*
.*.vanemu.c.*
.*.vanilla-jp.co.*
.*vansky.co.*
^https?:\/\/vcf-online.or.*
^https?:\/\/vcfbuilder.or.*
.*.velkaepocha.s.*
.*.venbbs.co.*
.*.venchina.co.*
.*veoh.co.*
.*.verizon.ne.*
^https?:\/\/verybs.co.*
.*.vft.com.t.*
.*.viber.co.*
.*videobam.co.*
^https?:\/\/videobam.co.*
.*.videomega.t.*
^https?:\/\/videomega.t.*
.*.videomo.co.*
^https?:\/\/vidoemo.co.*
.*videopediaworld.co.*
^https?:\/\/viki.co.*
.*vimeo.co.*
^https?:\/\/vimgolf.co.*
^https?:\/\/vimperator.or.*
^https?:\/\/vincnd.co.*
^https?:\/\/vinniev.co.*
^http://www.lib.virginia.edu/area-studies/Tibet/tibet.htm.*
^http://ny.visiontimes.com.*
.*.vivatube.co.*
.*.vjmedia.com.h.*
.*.vllcs.or.*
^https?:\/\/vmixcore.co.*
.*cn.voa.mob.*
.*tw.voa.mob.*
.*.voachineseblog.co.*
^https?:\/\/voachineseblog.co.*
.*voagd.co.*
.*voacantonese.co.*
^https?:\/\/voacantonese.co.*
.*voachinese.co.*
^https?:\/\/voachinese.co.*
.*voatibetan.co.*
^https?:\/\/voatibetan.co.*
.*.voanews.co.*
.*vocn.t.*
.*.vot.or.*
^https?:\/\/vot.or.*
.*www.voy.co.*
^https?:\/\/www.vpncup.co.*
.*vpnbook.co.*
.*vpnfire.co.*
^https?:\/\/vpngate.j.*
.*.vpngate.ne.*
^https?:\/\/vpngate.ne.*
^https?:\/\/vpnpop.co.*
^https?:\/\/vpnpronet.co.*
^https?:\/\/vpnreviewz.co.*
.*.vporn.co.*
^https?:\/\/vporn.co.*
^https?:\/\/vtunnel.co.*
^https?:\/\/w.or.*
.*lists.w3.org/archives/publi.*
^https?:\/\/w3schools.co.*
^https?:\/\/waffle1999.co.*
.*.wahas.co.*
.*.waigaobu.co.*
.*waikeung.org/php_win.*
.*.waiwaier.co.*
^http://waiwaier.co.*
.*wallornot.or.*
^https?:\/\/wallpapercasa.co.*
^https?:\/\/www.wan-press.or.*
^https?:\/\/wanderinghorse.ne.*
^https?:\/\/wangafu.ne.*
^https?:\/\/wangjinbo.or.*
.*.wangjinbo.or.*
.*wanglixiong.co.*
.*wangruoshui.ne.*
.*www.wangruowang.or.*
.*want-daily.co.*
.*wapedia.mobi/zhsim.*
^https?:\/\/waselpro.co.*
.*.wattpad.co.*
^https?:\/\/wattpad.co.*
.*.makzhou.warehouse333.co.*
.*washeng.ne.*
^https?:\/\/watchmygf.ne.*
^https?:\/\/wav.t.*
.*.wdf5.co.*
.*.wearn.co.*
^https?:\/\/wearn.co.*
^https?:\/\/hudatoriq.web.i.*
^https?:\/\/web2project.ne.*
.*webbang.ne.*
.*weblagu.co.*
^https?:\/\/webmproject.or.*
.*webs-tv.ne.*
.*websitepulse.com/help/testtools.china-test.htm.*
^http://www.websnapr.co.*
.*webworkerdaily.co.*
.*.weekmag.inf.*
^https?:\/\/wefightcensorship.or.*
.*.wefong.co.*
.*weiboleak.co.*
.*weijingsheng.or.*
.*.weiming.inf.*
.*weiquanwang.or.*
^http://weisuo.w.*
.*.wemigrate.or.*
.*wengewang.co.*
^https?:\/\/wengewang.or.*
.*.wenhui.c.*
^http://trans.wenweipo.com/gb.*
.*wenxuecity.co.*
.*.wenyunchao.co.*
^https?:\/\/wenyunchao.co.*
.*westca.co.*
^https?:\/\/westca.co.*
^https?:\/\/westernwolves.co.*
.*.westkit.ne.*
^https?:\/\/westpoint.ed.*
.*www.wet123.co.*
^https?:\/\/wepn.inf.*
.*.westernshugdensociety.or.*
.*wetpussygames.co.*
.*.wetplace.co.*
.*wexiaobo.or.*
^https?:\/\/wexiaobo.or.*
.*wezhiyong.or.*
^https?:\/\/wezone.ne.*
.*.wforum.co.*
^https?:\/\/wforum.com.*
.*.whatblocked.co.*
^https?:\/\/whatblocked.co.*
.*.whippedass.co.*
^http://who.is.*
.*whylover.co.*
^https?:\/\/whyx.or.*
^http://evchk.wikia.co.*
.*cn.uncyclopedia.wikia.co.*
.*zh.uncyclopedia.wikia.co.*
^https?:\/\/wikileaks.c.*
^https?:\/\/wikileaks.d.*
^https?:\/\/wikileaks.e.*
^https?:\/\/wikileaks.l.*
.*.wikileaks.or.*
^https?:\/\/wikileaks.or.*
^https?:\/\/wikileaks.p.*
^https?:\/\/collateralmurder.co.*
^https?:\/\/collateralmurder.or.*
.*wikilivres.info/wiki/%E9%9B%B6%E5%85%AB%E5%AE%AA%E7%AB%A.*
^https?:\/\/wikimapia.or.*
^https?:\/\/secure.wikimedia.or.*
^https?:\/\/wikimedia.org.m.*
.*zh.wikinews.or.*
^https?:\/\/wikiwiki.j.*
^https?:\/\/sports.williamhill.co.*
^https?:\/\/willw.ne.*
^https?:\/\/windowsphoneme.co.*
.*winwhispers.inf.*
^https?:\/\/wiredbytes.co.*
^https?:\/\/wiredpen.co.*
^https?:\/\/wireshark.or.*
.*.wisdompubs.or.*
.*.wisevid.co.*
^https?:\/\/wisevid.co.*
.*.witnessleeteaching.co.*
.*.witopia.ne.*
^http://wn.co.*
.*.wnacg.co.*
.*.wo.t.*
^https?:\/\/woeser.co.*
^http://woesermiddle-way.net.*
.*wolfax.co.*
^https?:\/\/wolfax.co.*
.*woopie.j.*
^https?:\/\/woopie.j.*
.*woopie.t.*
^https?:\/\/woopie.t.*
^https?:\/\/workatruna.co.*
^https?:\/\/workersthebig.ne.*
.*.worldcat.or.*
.*worldjournal.co.*
.*.wordpress.co.*
^http://.+.wordpress.co.*
^https?:\/\/wp.co.*
.*woxinghuiguo.co.*
.*wow-life.ne.*
^https?:\/\/wowlegacy.m.*
.*.wpoforum.co.*
^https?:\/\/wpoforum.co.*
.*.wqlhw.co.*
.*.wqyd.or.*
^https?:\/\/wqyd.or.*
.*wrchina.or.*
.*wretch.c.*
.*.wsj.co.*
.*.wsj.ne.*
.*.wtfpeople.co.*
.*.wuala.co.*
.*wuerkaixi.co.*
.*wufi.org.t.*
^https?:\/\/wufoo.co.*
^https?:\/\/wuguoguang.co.*
.*wujie.ne.*
.*wujieliulan.co.*
^https?:\/\/wujieliulan.co.*
.*wukangrui.ne.*
.*wwitv.co.*
.*wzyboy.im/post/16.*
.*.x-berry.co.*
^https?:\/\/x-art.co.*
^https?:\/\/x-wall.or.*
.*x1949x.co.*
.*x365x.co.*
.*xanga.co.*
^https?:\/\/xbabe.co.*
.*.xbookcn.co.*
^https?:\/\/xbookcn.co.*
^https?:\/\/xcafe.i.*
.*x.xcity.j.*
.*.xcritic.co.*
^http://cdn.+.xda-developers.co.*
.*destiny.xfiles.to/ubbthread.*
.*.xfm.pp.r.*
.*xgmyd.co.*
.*xh4n.cn/blo.*
.*xhamster.co.*
.*one.xthost.inf.*
.*.xianqiao.ne.*
.*.xiaochuncnjp.co.*
.*s.xiaod.i.*
.*.xiaohexie.co.*
^https?:\/\/xiaolan.m.*
^https?:\/\/xiaoma.or.*
^https?:\/\/xiaohexie.co.*
.*xiezhua.co.*
.*.xing.co.*
^https?:\/\/xing.co.*
.*.xinmiao.com.h.*
^https?:\/\/xinmiao.com.h.*
.*xinsheng.ne.*
.*xinshijue.co.*
.*xinhuanet.or.*
^http://xinyubbs.ne.*
.*.xiongpian.co.*
.*xizang-zhiye.or.*
.*xjp.c.*
^https?:\/\/xjp.c.*
^https?:\/\/xlfmwz.inf.*
^https?:\/\/xml-training-guide.co.*
.*xmovies.co.*
^https?:\/\/xnxx.co.*
.*xpdo.ne.*
^https?:\/\/xpud.or.*
^https?:\/\/k2.xrea.co.*
^https?:\/\/xtube.co.*
.*blog.xuite.ne.*
.*vlog.xuite.ne.*
.*xuzhiyong.ne.*
^https?:\/\/xuchao.or.*
.*xuchao.ne.*
^https?:\/\/xuchao.ne.*
.*.xvideos.co.*
.*.xxbbx.co.*
^https?:\/\/xxxx.com.a.*
.*xys.or.*
.*xysblogs.or.*
.*xyy69.co.*
.*xyy69.inf.*
.*page.bid.yahoo.co.*
.*blogs.yahoo.co.j.*
.*buy.yahoo.com.tw/gdsal.*
.*hk.yahoo.co.*
.*hk.knowledge.yahoo.co.*
.*hk.myblog.yahoo.co.*
^https?:\/\/hk.news.yahoo.co.*
.*hk.rd.yahoo.co.*
.*hk.search.yahoo.com/searc.*
.*hk.video.news.yahoo.com/vide.*
.*meme.yahoo.co.*
^https?:\/\/tw.knowledge.yahoo.co.*
.*tw.myblog.yahoo.co.*
^https?:\/\/tw.news.yahoo.co.*
.*pulse.yahoo.co.*
.*upcoming.yahoo.co.*
.*video.yahoo.co.*
^https?:\/\/yahoo.com.h.*
^https?:\/\/yakbutterblues.co.*
.*yam.co.*
^https?:\/\/yam.co.*
.*yangjianli.co.*
.*yasni.co.u.*
^https?:\/\/yasukuni.or.j.*
.*.ydy.co.*
^https?:\/\/yeelou.co.*
.*yeeyi.co.*
.*yegle.ne.*
^https?:\/\/yegle.ne.*
^https?:\/\/yes123.com.t.*
^https?:\/\/yesasia.co.*
^https?:\/\/yesasia.com.h.*
^https?:\/\/yhcw.ne.*
.*.yi.or.*
.*.yibada.co.*
.*.yibaochina.co.*
.*.yidio.co.*
^https?:\/\/yidio.co.*
.*yilubbs.co.*
.*xa.yimg.co.*
.*.yipub.co.*
^https?:\/\/yipub.co.*
.*.yogichen.or.*
^https?:\/\/yogichen.or.*
.*yong.h.*
.*.yorkbbs.c.*
^https?:\/\/youxu.inf.*
.*.yyii.or.*
^https?:\/\/yyii.or.*
.*.yzzk.co.*
^https?:\/\/yzzk.co.*
.*.youjizz.co.*
^https?:\/\/youjizz.co.*
.*youmaker.co.*
.*youpai.or.*
^https?:\/\/youpai.or.*
.*.your-freedom.ne.*
^https?:\/\/yourepeat.co.*
.*.yousendit.co.*
^https?:\/\/yousendit.co.*
.*youthbao.co.*
.*.youthnetradio.org/tmit/foru.*
.*blog.youthwant.com.t.*
.*share.youthwant.com.t.*
.*topic.youthwant.com.t.*
.*.youporn.co.*
^https?:\/\/youporn.co.*
.*.youporngay.co.*
^https?:\/\/youtu.b.*
.*.youtube.co.*
^https?:\/\/youtube.co.*
^https?:\/\/youtube-nocookie.co.*
.*.youtubecn.co.*
.*youversion.co.*
^https?:\/\/youversion.co.*
.*blog.youxu.info/2010/03/14/west-chambe.*
^https?:\/\/ytimg.co.*
.*ytht.ne.*
.*yuanming.ne.*
^https?:\/\/yunchao.ne.*
^https?:\/\/yvesgeleyn.co.*
.*yx51.ne.*
^https?:\/\/yymaya.co.*
.*zacebook.co.*
^https?:\/\/zannel.co.*
^https?:\/\/tap11.co.*
.*.zaobao.co.*
.*.zaobao.com.s.*
^https?:\/\/zaobao.com.s.*
.*.zaozon.co.*
^https?:\/\/zarias.co.*
.*www.zaurus.org.u.*
.*.zdnet.com.tw/news/software/0,2000085678,20111187,0.*
.*.zengjinyan.or.*
^https?:\/\/zeutch.co.*
.*www.zfreet.com/post/usejump-browns.htm.*
.*zgzcjj.ne.*
.*.zhanbin.ne.*
^https?:\/\/zhanbin.ne.*
.*.zhangboli.ne.*
.*zhenghui.or.*
^https?:\/\/zhangtianliang.co.*
.*zhengwunet.or.*
.*zhenlibu.inf.*
^https?:\/\/zhenlibu.inf.*
^http://zhenxiang.bi.*
.*.zhinengluyou.co.*
^http://zhongguorenquan.or.*
^https?:\/\/zhongguotese.ne.*
^https?:\/\/zhongmeng.or.*
^https?:\/\/zhreader.co.*
.*zhuichaguoji.or.*
^https?:\/\/zhuichaguoji.or.*
.*.ziddu.com/downloa.*
^https?:\/\/zillionk.co.*
.*zinio.co.*
^https?:\/\/zinio.co.*
^https?:\/\/ziplib.co.*
.*.zkaip.co.*
^https?:\/\/zkaip.co.*
^https?:\/\/zlib.net.*
.*zmw.c.*
.*zomobo.ne.*
.*.zonaeuropa.co.*
^https?:\/\/zonaeuropa.co.*
^https?:\/\/zootool.co.*
.*.zoozle.ne.*
.*writer.zoho.co.*
.*.zshare.net/downloa.*
.*.zsrhao.co.*
.*.zuo.l.*
^https?:\/\/zuo.l.*
^https?:\/\/zuobiao.m.*
.*.zuola.co.*
^https?:\/\/zuola.co.*
^https?:\/\/zvereff.co.*
.*zyzc9.co.*
.*freene.*
.*q=freedo.*
.*q%3Dfreedo.*
.*remembering_tiananmen_20_year.*
.*search.+safewe.*
.*q=triangl.*
.*q%3DTriangl.*
.*ultrareac.*
.*ultrasur.*
.*zhengjia.*
.*%E7%BD%A2%E8%AF%B.*
.*search.+%E5%8D%9A%E8%AE%A.*
.*search.+%E5%A4%A7%E7%BA%AA%E5%85%8.*
.*search.+%E9%92%93%E9%B1%BC%E5%B2%9.*
.*%E5%8A%A8%E6%80%81%E7%BD%9.*
.*search.+%E5%A4%9A%E7%B6%A.*
.*search.+%E5%A4%9A%E7%BB%B.*
.*search.+freegat.*
.*search.+%E6%B3%95%E4%BC%9.*
.*%E6%B3%95%E8%BD%AE%E5%A4%A7%E6%B3%9.*
.*%E6%B3%95%E8%BC%AA%E5%8A%9.*
.*%E6%B3%95%E8%BD%AE%E5%8A%9.*
.*%E8%83%A1%E6%B5%B7%E5%B3%B.*
.*%E8%83%A1%E6%B5%B7%E6%B8%8.*
.*search.+%E8%8A%B1%E8%8A%B1%E5%85%AC%E5%AD%9.*
.*search.+%BC%CD%D4%A.*
.*search.+%BC%D3%C3%DC%B4%FA%C0%E.*
.*search.+%E5%8A%A0%E5%AF%86%E4%BB%A3%E7%90%8.*
.*search.+%E6%B1%9F%E6%B5%81%E6%B0%9.*
.*search.+%E7%9C%8B%E4%B8%AD%E5%9B%B.*
.*search.+%E5%85%AD%E5%9B%9.*
.*%E5%88%98%E6%99%93%E6%B3%A.*
.*%E7%BE%8E%E5%9B%BD%E4%B9%8B%E9%9F%B.*
.*%E6%B0%91%E8%BF%9B%E5%85%9.*
.*%E6%B0%91%E8%BF%9.*
.*search.+%E8%89%B2%E6%83%8.*
.*%E7%8E%8B%E4%B8%B.*
.*search.+%E7%BD%91%E7%89%B.*
.*search.+%E7%8E%8B%E5%B8%8C%E5%93%B.*
.*search.+%E9%AD%8F%E4%BA%AC%E7%94%9.*
.*search.+%E6%96%87%E5%AD%97%E7%8B%B.*
.*search.+%E6%88%91%E7%9A%84%E5%A5%8B%E6%96%9.*
.*search.+%E6%97%A0%E7%95%8.*
.*search.+%E9%82%AA%E6%81%B.*
.*search.+%E6%96%B0%E5%94%90%E4%BA%B.*
.*search.+%E6%96%B0%E8%AF%AD%E4%B8%9.*
.*search.+%E5%AD%A6%E8%BF%9.*
.*search.+%E4%B8%AD%E5%8A%9.*
.*search.+%E4%B8%AD%E5%9B%BD%E8%AE%BA%E5%9D%9.*
.*search.+%E4%B8%AD%E5%AE%A3%E9%83%A.*
^https://upload.wikimedia.or.*
.*zh.wikipedia.or.*
^https://zh.wikipedia.or.*
.*zh.m.wikipedia.or.*
^https://zh.m.wikipedia.or.*
.*zh.wikibooks.org.+%E7%AA%81%E7%A0%B4%E7%BD%91%E7%BB%9C%E5%AE%A1%E6%9F%A.*
.*.gov.t.*
.*174.142.105.15.*
.*69.65.19.16.*
^https?:\/\/github.co.*